Archive member included to satisfy reference by file (symbol)

/Applications/ArmGNUToolchain/13.2.Rel1/arm-none-eabi/bin/../lib/gcc/arm-none-eabi/13.2.1/thumb/v6-m/nofp/libgcc.a(_dvmd_tls.o)
                              CMakeFiles/scope.dir/Users/laaaaaaaa/Desktop/pico/pico-sdk/src/rp2_common/pico_divider/divider.S.obj (__aeabi_idiv0)
/Applications/ArmGNUToolchain/13.2.Rel1/arm-none-eabi/bin/../lib/gcc/arm-none-eabi/13.2.1/../../../../arm-none-eabi/lib/thumb/v6-m/nofp/libc.a(libc_a-calloc.o)
                              CMakeFiles/scope.dir/Users/laaaaaaaa/Desktop/pico/pico-sdk/src/rp2_common/pico_malloc/pico_malloc.c.obj (calloc)
/Applications/ArmGNUToolchain/13.2.Rel1/arm-none-eabi/bin/../lib/gcc/arm-none-eabi/13.2.1/../../../../arm-none-eabi/lib/thumb/v6-m/nofp/libc.a(libc_a-callocr.o)
                              /Applications/ArmGNUToolchain/13.2.Rel1/arm-none-eabi/bin/../lib/gcc/arm-none-eabi/13.2.1/../../../../arm-none-eabi/lib/thumb/v6-m/nofp/libc.a(libc_a-calloc.o) (_calloc_r)
/Applications/ArmGNUToolchain/13.2.Rel1/arm-none-eabi/bin/../lib/gcc/arm-none-eabi/13.2.1/../../../../arm-none-eabi/lib/thumb/v6-m/nofp/libc.a(libc_a-itoa.o)
                              CMakeFiles/scope.dir/scope.c.obj (itoa)
/Applications/ArmGNUToolchain/13.2.Rel1/arm-none-eabi/bin/../lib/gcc/arm-none-eabi/13.2.1/../../../../arm-none-eabi/lib/thumb/v6-m/nofp/libc.a(libc_a-malloc.o)
                              CMakeFiles/scope.dir/Users/laaaaaaaa/Desktop/pico/pico-sdk/src/rp2_common/pico_malloc/pico_malloc.c.obj (malloc)
/Applications/ArmGNUToolchain/13.2.Rel1/arm-none-eabi/bin/../lib/gcc/arm-none-eabi/13.2.1/../../../../arm-none-eabi/lib/thumb/v6-m/nofp/libc.a(libc_a-mallocr.o)
                              /Applications/ArmGNUToolchain/13.2.Rel1/arm-none-eabi/bin/../lib/gcc/arm-none-eabi/13.2.1/../../../../arm-none-eabi/lib/thumb/v6-m/nofp/libc.a(libc_a-callocr.o) (_malloc_r)
/Applications/ArmGNUToolchain/13.2.Rel1/arm-none-eabi/bin/../lib/gcc/arm-none-eabi/13.2.1/../../../../arm-none-eabi/lib/thumb/v6-m/nofp/libc.a(libc_a-mlock.o)
                              /Applications/ArmGNUToolchain/13.2.Rel1/arm-none-eabi/bin/../lib/gcc/arm-none-eabi/13.2.1/../../../../arm-none-eabi/lib/thumb/v6-m/nofp/libc.a(libc_a-mallocr.o) (__malloc_lock)
/Applications/ArmGNUToolchain/13.2.Rel1/arm-none-eabi/bin/../lib/gcc/arm-none-eabi/13.2.1/../../../../arm-none-eabi/lib/thumb/v6-m/nofp/libc.a(libc_a-realloc.o)
                              CMakeFiles/scope.dir/Users/laaaaaaaa/Desktop/pico/pico-sdk/src/rp2_common/pico_malloc/pico_malloc.c.obj (realloc)
/Applications/ArmGNUToolchain/13.2.Rel1/arm-none-eabi/bin/../lib/gcc/arm-none-eabi/13.2.1/../../../../arm-none-eabi/lib/thumb/v6-m/nofp/libc.a(libc_a-reallocr.o)
                              /Applications/ArmGNUToolchain/13.2.Rel1/arm-none-eabi/bin/../lib/gcc/arm-none-eabi/13.2.1/../../../../arm-none-eabi/lib/thumb/v6-m/nofp/libc.a(libc_a-realloc.o) (_realloc_r)
/Applications/ArmGNUToolchain/13.2.Rel1/arm-none-eabi/bin/../lib/gcc/arm-none-eabi/13.2.1/../../../../arm-none-eabi/lib/thumb/v6-m/nofp/libc.a(libc_a-utoa.o)
                              /Applications/ArmGNUToolchain/13.2.Rel1/arm-none-eabi/bin/../lib/gcc/arm-none-eabi/13.2.1/../../../../arm-none-eabi/lib/thumb/v6-m/nofp/libc.a(libc_a-itoa.o) (__utoa)
/Applications/ArmGNUToolchain/13.2.Rel1/arm-none-eabi/bin/../lib/gcc/arm-none-eabi/13.2.1/../../../../arm-none-eabi/lib/thumb/v6-m/nofp/libc.a(libc_a-memmove.o)
                              /Applications/ArmGNUToolchain/13.2.Rel1/arm-none-eabi/bin/../lib/gcc/arm-none-eabi/13.2.1/../../../../arm-none-eabi/lib/thumb/v6-m/nofp/libc.a(libc_a-reallocr.o) (memmove)
/Applications/ArmGNUToolchain/13.2.Rel1/arm-none-eabi/bin/../lib/gcc/arm-none-eabi/13.2.1/../../../../arm-none-eabi/lib/thumb/v6-m/nofp/libc.a(libc_a-impure.o)
                              /Applications/ArmGNUToolchain/13.2.Rel1/arm-none-eabi/bin/../lib/gcc/arm-none-eabi/13.2.1/../../../../arm-none-eabi/lib/thumb/v6-m/nofp/libc.a(libc_a-calloc.o) (_impure_ptr)
/Applications/ArmGNUToolchain/13.2.Rel1/arm-none-eabi/bin/../lib/gcc/arm-none-eabi/13.2.1/../../../../arm-none-eabi/lib/thumb/v6-m/nofp/libc.a(libc_a-sbrkr.o)
                              /Applications/ArmGNUToolchain/13.2.Rel1/arm-none-eabi/bin/../lib/gcc/arm-none-eabi/13.2.1/../../../../arm-none-eabi/lib/thumb/v6-m/nofp/libc.a(libc_a-mallocr.o) (_sbrk_r)
/Applications/ArmGNUToolchain/13.2.Rel1/arm-none-eabi/bin/../lib/gcc/arm-none-eabi/13.2.1/../../../../arm-none-eabi/lib/thumb/v6-m/nofp/libc.a(libc_a-errno.o)
                              /Applications/ArmGNUToolchain/13.2.Rel1/arm-none-eabi/bin/../lib/gcc/arm-none-eabi/13.2.1/../../../../arm-none-eabi/lib/thumb/v6-m/nofp/libc.a(libc_a-callocr.o) (__errno)
/Applications/ArmGNUToolchain/13.2.Rel1/arm-none-eabi/bin/../lib/gcc/arm-none-eabi/13.2.1/../../../../arm-none-eabi/lib/thumb/v6-m/nofp/libc.a(libc_a-sysconf.o)
[...]
Memory Configuration

Name             Origin             Length             Attributes
FLASH            0x10000000         0x00200000         xr
RAM              0x20000000         0x00040000         xrw
SCRATCH_X        0x20040000         0x00001000         xrw
SCRATCH_Y        0x20041000         0x00001000         xrw
*default*        0x00000000         0xffffffff

Linker script and memory map

LOAD /Applications/ArmGNUToolchain/13.2.Rel1/arm-none-eabi/bin/../lib/gcc/arm-none-eabi/13.2.1/thumb/v6-m/nofp/crti.o
LOAD /Applications/ArmGNUToolchain/13.2.Rel1/arm-none-eabi/bin/../lib/gcc/arm-none-eabi/13.2.1/thumb/v6-m/nofp/crtbegin.o
LOAD /Applications/ArmGNUToolchain/13.2.Rel1/arm-none-eabi/bin/../lib/gcc/arm-none-eabi/13.2.1/../../../../arm-none-eabi/lib/thumb/v6-m/nofp/crt0.o

.flash_begin    0x10000000        0x0
                0x10000000                        __flash_binary_start = .

.boot2          0x10000000      0x100
                0x10000000                        __boot2_start__ = .
 *(.boot2)
 .boot2         0x10000000      0x100 /var/folders/38/05gw299n51z5zv2dzjx2002w0000gn/T//ccTD1cD9.o
                0x10000100                        __boot2_end__ = .
                0x00000001                        ASSERT (((__boot2_end__ - __boot2_start__) == 0x100), ERROR: Pico second stage bootloader must be 256 bytes in size)

.text           0x10000100     0x5070
                0x10000100                        __logical_binary_start = .
 *(.vectors)
 .vectors       0x10000100       0xd4 CMakeFiles/scope.dir/Users/laaaaaaaa/Desktop/pico/pico-sdk/src/rp2_common/pico_standard_link/crt0.S.obj
                0x10000100                __VECTOR_TABLE
                0x10000100                __vectors
                0x100001c0                __default_isrs_start
                0x100001c0                isr_invalid
                0x100001c2                isr_nmi
                0x100001c4                isr_hardfault
                0x100001c6                isr_svcall
                0x100001c8                isr_pendsv
                0x100001ca                isr_systick
                0x100001cc                isr_irq28
                0x100001cc                isr_irq19
                0x100001cc                isr_irq0
                0x100001cc                isr_irq6
                0x100001cc                isr_irq22
                0x100001cc                isr_irq17
                0x100001cc                isr_irq14
                0x100001cc                isr_irq2
                0x100001cc                isr_irq10
                0x100001cc                isr_irq8
                0x100001cc                isr_irq24
                0x100001cc                isr_irq1
                0x100001cc                isr_irq7
                0x100001cc                isr_irq21
                0x100001cc                isr_irq20
                0x100001cc                isr_irq15
                0x100001cc                isr_irq25
                0x100001cc                isr_irq4
                0x100001cc                isr_irq16
                0x100001cc                isr_irq29
                0x100001cc                isr_irq26
                0x100001cc                __default_isrs_end
                0x100001cc                isr_irq3
                0x100001cc                isr_irq9
                0x100001cc                __unhandled_user_irq
                0x100001cc                isr_irq13
                0x100001cc                isr_irq27
                0x100001cc                isr_irq31
                0x100001cc                isr_irq5
                0x100001cc                isr_irq11
                0x100001cc                isr_irq23
                0x100001cc                isr_irq18
                0x100001cc                isr_irq30
                0x100001cc                isr_irq12
                0x100001d2                unhandled_user_irq_num_in_r0
 *(.binary_info_header)
 .binary_info_header
                0x100001d4       0x14 CMakeFiles/scope.dir/Users/laaaaaaaa/Desktop/pico/pico-sdk/src/rp2_common/pico_standard_link/crt0.S.obj
                0x100001e8                        __binary_info_header_end = .
 *(.reset)
 .reset         0x100001e8       0xa0 CMakeFiles/scope.dir/Users/laaaaaaaa/Desktop/pico/pico-sdk/src/rp2_common/pico_standard_link/crt0.S.obj
                0x100001e8                _entry_point
 .reset         0x10000288       0x30 CMakeFiles/scope.dir/Users/laaaaaaaa/Desktop/pico/pico-sdk/src/rp2_common/pico_standard_link/binary_info.c.obj
 *(.init)
 .init          0x100002b8        0x4 /Applications/ArmGNUToolchain/13.2.Rel1/arm-none-eabi/bin/../lib/gcc/arm-none-eabi/13.2.1/thumb/v6-m/nofp/crti.o
                0x100002b8                _init
 *(EXCLUDE_FILE(*libm.a: *libc.a:*lib_a-mem*.o *libgcc.a:) .text*)
 .text.register_tm_clones
                0x100002bc       0x28 /Applications/ArmGNUToolchain/13.2.Rel1/arm-none-eabi/bin/../lib/gcc/arm-none-eabi/13.2.1/thumb/v6-m/nofp/crtbegin.o
 .text.frame_dummy
                0x100002e4       0x24 /Applications/ArmGNUToolchain/13.2.Rel1/arm-none-eabi/bin/../lib/gcc/arm-none-eabi/13.2.1/thumb/v6-m/nofp/crtbegin.o
 .text.startup.main
                0x10000308       0x6c CMakeFiles/scope.dir/scope.c.obj
                0x10000308                main
 .text.LED_init
                0x10000374       0x14 CMakeFiles/scope.dir/drivers/led/led.c.obj
                0x10000374                LED_init
 .text.OLED_send_buffer
                0x10000388       0xa8 CMakeFiles/scope.dir/drivers/oled/oled.c.obj
                0x10000388                OLED_send_buffer
 .text.OLED_init
                0x10000430       0xd8 CMakeFiles/scope.dir/drivers/oled/oled.c.obj
                0x10000430                OLED_init
 .text.OLED_SetPixel
                0x10000508       0x34 CMakeFiles/scope.dir/drivers/oled/oled.c.obj
                0x10000508                OLED_SetPixel
 .text.OLED_DrawLine
                0x1000053c      0x178 CMakeFiles/scope.dir/drivers/oled/oled.c.obj
                0x1000053c                OLED_DrawLine
 .text.OLED_WriteChar
                0x100006b4      0x114 CMakeFiles/scope.dir/drivers/oled/oled.c.obj
                0x100006b4                OLED_WriteChar
 .text.OLED_WriteString
                0x100007c8       0x28 CMakeFiles/scope.dir/drivers/oled/oled.c.obj
                0x100007c8                OLED_WriteString
 .text.gpio_set_function
                0x100007f0       0x30 CMakeFiles/scope.dir/Users/laaaaaaaa/Desktop/pico/pico-sdk/src/rp2_common/hardware_gpio/gpio.c.obj
                0x100007f0                gpio_set_function
 .text.gpio_set_pulls
                0x10000820       0x24 CMakeFiles/scope.dir/Users/laaaaaaaa/Desktop/pico/pico-sdk/src/rp2_common/hardware_gpio/gpio.c.obj
                0x10000820                gpio_set_pulls
 .text.gpio_init
                0x10000844       0x3c CMakeFiles/scope.dir/Users/laaaaaaaa/Desktop/pico/pico-sdk/src/rp2_common/hardware_gpio/gpio.c.obj
                0x10000844                gpio_init
 .text.running_on_fpga
                0x10000880       0x10 CMakeFiles/scope.dir/Users/laaaaaaaa/Desktop/pico/pico-sdk/src/rp2_common/pico_platform/platform.c.obj
                0x10000880                running_on_fpga
 .text.hw_claim_or_assert
                0x10000890       0x44 CMakeFiles/scope.dir/Users/laaaaaaaa/Desktop/pico/pico-sdk/src/rp2_common/hardware_claim/claim.c.obj
                0x10000890                hw_claim_or_assert
 .text.hw_claim_unused_from_range
                0x100008d4       0x9c CMakeFiles/scope.dir/Users/laaaaaaaa/Desktop/pico/pico-sdk/src/rp2_common/hardware_claim/claim.c.obj
                0x100008d4                hw_claim_unused_from_range
 .text.spin_locks_reset
                0x10000970       0x1c CMakeFiles/scope.dir/Users/laaaaaaaa/Desktop/pico/pico-sdk/src/rp2_common/hardware_sync/sync.c.obj
                0x10000970                spin_locks_reset
 .text.next_striped_spin_lock_num
                0x1000098c       0x18 CMakeFiles/scope.dir/Users/laaaaaaaa/Desktop/pico/pico-sdk/src/rp2_common/hardware_sync/sync.c.obj
                0x1000098c                next_striped_spin_lock_num
 .text.spin_lock_claim_unused
                0x100009a4       0x24 CMakeFiles/scope.dir/Users/laaaaaaaa/Desktop/pico/pico-sdk/src/rp2_common/hardware_sync/sync.c.obj
                0x100009a4                spin_lock_claim_unused
 .text.irq_set_enabled
                0x100009c8       0x24 CMakeFiles/scope.dir/Users/laaaaaaaa/Desktop/pico/pico-sdk/src/rp2_common/hardware_irq/irq.c.obj
                0x100009c8                irq_set_enabled
 .text.irq_set_pending
                0x100009ec       0x10 CMakeFiles/scope.dir/Users/laaaaaaaa/Desktop/pico/pico-sdk/src/rp2_common/hardware_irq/irq.c.obj
                0x100009ec                irq_set_pending
 .text.irq_has_shared_handler
                0x100009fc       0x2c CMakeFiles/scope.dir/Users/laaaaaaaa/Desktop/pico/pico-sdk/src/rp2_common/hardware_irq/irq.c.obj
                0x100009fc                irq_has_shared_handler
 .text.irq_get_vtable_handler
                0x10000a28       0x10 CMakeFiles/scope.dir/Users/laaaaaaaa/Desktop/pico/pico-sdk/src/rp2_common/hardware_irq/irq.c.obj
                0x10000a28                irq_get_vtable_handler
 .text.irq_set_exclusive_handler
                0x10000a38       0x54 CMakeFiles/scope.dir/Users/laaaaaaaa/Desktop/pico/pico-sdk/src/rp2_common/hardware_irq/irq.c.obj
                0x10000a38                irq_set_exclusive_handler
 .text.irq_add_shared_handler
                0x10000a8c      0x1f4 CMakeFiles/scope.dir/Users/laaaaaaaa/Desktop/pico/pico-sdk/src/rp2_common/hardware_irq/irq.c.obj
                0x10000a8c                irq_add_shared_handler
 .text.irq_remove_handler
                0x10000c80      0x1c4 CMakeFiles/scope.dir/Users/laaaaaaaa/Desktop/pico/pico-sdk/src/rp2_common/hardware_irq/irq.c.obj
                0x10000c80                irq_remove_handler
 .text.irq_add_tail_to_free_list
                0x10000e44       0xb4 CMakeFiles/scope.dir/Users/laaaaaaaa/Desktop/pico/pico-sdk/src/rp2_common/hardware_irq/irq.c.obj
                0x10000e44                irq_add_tail_to_free_list
 .text.irq_init_priorities
                0x10000ef8       0x24 CMakeFiles/scope.dir/Users/laaaaaaaa/Desktop/pico/pico-sdk/src/rp2_common/hardware_irq/irq.c.obj
                0x10000ef8                irq_init_priorities
 .text.user_irq_claim_unused
                0x10000f1c       0x2c CMakeFiles/scope.dir/Users/laaaaaaaa/Desktop/pico/pico-sdk/src/rp2_common/hardware_irq/irq.c.obj
                0x10000f1c                user_irq_claim_unused
 .text.lock_init
                0x10000f48       0x10 CMakeFiles/scope.dir/Users/laaaaaaaa/Desktop/pico/pico-sdk/src/common/pico_sync/lock_core.c.obj
                0x10000f48                lock_init
 .text.mutex_init
                0x10000f58       0x1c CMakeFiles/scope.dir/Users/laaaaaaaa/Desktop/pico/pico-sdk/src/common/pico_sync/mutex.c.obj
                0x10000f58                mutex_init
 .text.recursive_mutex_init
                0x10000f74       0x1c CMakeFiles/scope.dir/Users/laaaaaaaa/Desktop/pico/pico-sdk/src/common/pico_sync/mutex.c.obj
                0x10000f74                recursive_mutex_init
 .text.critical_section_init
                0x10000f90       0x1c CMakeFiles/scope.dir/Users/laaaaaaaa/Desktop/pico/pico-sdk/src/common/pico_sync/critical_section.c.obj
                0x10000f90                critical_section_init
 .text.critical_section_init_with_lock_num
                0x10000fac       0x14 CMakeFiles/scope.dir/Users/laaaaaaaa/Desktop/pico/pico-sdk/src/common/pico_sync/critical_section.c.obj
                0x10000fac                critical_section_init_with_lock_num
 .text.timer_pool_entry_comparator
                0x10000fc0       0x34 CMakeFiles/scope.dir/Users/laaaaaaaa/Desktop/pico/pico-sdk/src/common/pico_time/time.c.obj
                0x10000fc0                timer_pool_entry_comparator
 .text.sleep_until_callback
                0x10000ff4       0x30 CMakeFiles/scope.dir/Users/laaaaaaaa/Desktop/pico/pico-sdk/src/common/pico_time/time.c.obj
 .text.add_alarm_under_lock.isra.0
                0x10001024      0x100 CMakeFiles/scope.dir/Users/laaaaaaaa/Desktop/pico/pico-sdk/src/common/pico_time/time.c.obj
 .text.alarm_pool_alarm_callback
                0x10001124      0x1c0 CMakeFiles/scope.dir/Users/laaaaaaaa/Desktop/pico/pico-sdk/src/common/pico_time/time.c.obj
 .text.alarm_pool_init_default
                0x100012e4       0x6c CMakeFiles/scope.dir/Users/laaaaaaaa/Desktop/pico/pico-sdk/src/common/pico_time/time.c.obj
                0x100012e4                alarm_pool_init_default
 .text.alarm_pool_get_default
                0x10001350        0x8 CMakeFiles/scope.dir/Users/laaaaaaaa/Desktop/pico/pico-sdk/src/common/pico_time/time.c.obj
                0x10001350                alarm_pool_get_default
 .text.alarm_pool_add_alarm_at
                0x10001358      0x17c CMakeFiles/scope.dir/Users/laaaaaaaa/Desktop/pico/pico-sdk/src/common/pico_time/time.c.obj
                0x10001358                alarm_pool_add_alarm_at
 .text.alarm_pool_core_num
                0x100014d4        0x4 CMakeFiles/scope.dir/Users/laaaaaaaa/Desktop/pico/pico-sdk/src/common/pico_time/time.c.obj
                0x100014d4                alarm_pool_core_num
 .text.sleep_until
                0x100014d8       0xc4 CMakeFiles/scope.dir/Users/laaaaaaaa/Desktop/pico/pico-sdk/src/common/pico_time/time.c.obj
                0x100014d8                sleep_until
 .text.sleep_ms
                0x1000159c       0x38 CMakeFiles/scope.dir/Users/laaaaaaaa/Desktop/pico/pico-sdk/src/common/pico_time/time.c.obj
                0x1000159c                sleep_ms
 .text.best_effort_wfe_or_timeout
                0x100015d4       0xcc CMakeFiles/scope.dir/Users/laaaaaaaa/Desktop/pico/pico-sdk/src/common/pico_time/time.c.obj
                0x100015d4                best_effort_wfe_or_timeout
 .text.hardware_alarm_irq_handler
                0x100016a0       0xbc CMakeFiles/scope.dir/Users/laaaaaaaa/Desktop/pico/pico-sdk/src/rp2_common/hardware_timer/timer.c.obj
 .text.hardware_alarm_claim
                0x1000175c       0x18 CMakeFiles/scope.dir/Users/laaaaaaaa/Desktop/pico/pico-sdk/src/rp2_common/hardware_timer/timer.c.obj
                0x1000175c                hardware_alarm_claim
 .text.time_us_64
                0x10001774       0x14 CMakeFiles/scope.dir/Users/laaaaaaaa/Desktop/pico/pico-sdk/src/rp2_common/hardware_timer/timer.c.obj
                0x10001774                time_us_64
 .text.busy_wait_us
                0x10001788       0x68 CMakeFiles/scope.dir/Users/laaaaaaaa/Desktop/pico/pico-sdk/src/rp2_common/hardware_timer/timer.c.obj
                0x10001788                busy_wait_us
 .text.busy_wait_until
                0x100017f0       0x20 CMakeFiles/scope.dir/Users/laaaaaaaa/Desktop/pico/pico-sdk/src/rp2_common/hardware_timer/timer.c.obj
                0x100017f0                busy_wait_until
 .text.hardware_alarm_set_callback
                0x10001810       0x8c CMakeFiles/scope.dir/Users/laaaaaaaa/Desktop/pico/pico-sdk/src/rp2_common/hardware_timer/timer.c.obj
                0x10001810                hardware_alarm_set_callback
 .text.hardware_alarm_set_target
                0x1000189c       0xd0 CMakeFiles/scope.dir/Users/laaaaaaaa/Desktop/pico/pico-sdk/src/rp2_common/hardware_timer/timer.c.obj
                0x1000189c                hardware_alarm_set_target
 .text.hardware_alarm_cancel
                0x1000196c       0x3c CMakeFiles/scope.dir/Users/laaaaaaaa/Desktop/pico/pico-sdk/src/rp2_common/hardware_timer/timer.c.obj
                0x1000196c                hardware_alarm_cancel
 .text.ph_merge_nodes
                0x100019a8       0x58 CMakeFiles/scope.dir/Users/laaaaaaaa/Desktop/pico/pico-sdk/src/common/pico_util/pheap.c.obj
 .text.ph_post_alloc_init
                0x10001a00       0x3c CMakeFiles/scope.dir/Users/laaaaaaaa/Desktop/pico/pico-sdk/src/common/pico_util/pheap.c.obj
                0x10001a00                ph_post_alloc_init
 .text.ph_merge_two_pass
                0x10001a3c       0x8c CMakeFiles/scope.dir/Users/laaaaaaaa/Desktop/pico/pico-sdk/src/common/pico_util/pheap.c.obj
                0x10001a3c                ph_merge_two_pass
 .text.ph_remove_any_head
                0x10001ac8      0x100 CMakeFiles/scope.dir/Users/laaaaaaaa/Desktop/pico/pico-sdk/src/common/pico_util/pheap.c.obj
 .text.ph_remove_head
                0x10001bc8      0x104 CMakeFiles/scope.dir/Users/laaaaaaaa/Desktop/pico/pico-sdk/src/common/pico_util/pheap.c.obj
                0x10001bc8                ph_remove_head
 .text.ph_remove_and_free_node
                0x10001ccc       0x78 CMakeFiles/scope.dir/Users/laaaaaaaa/Desktop/pico/pico-sdk/src/common/pico_util/pheap.c.obj
                0x10001ccc                ph_remove_and_free_node
 .text.uart_init
                0x10001d44      0x18c CMakeFiles/scope.dir/Users/laaaaaaaa/Desktop/pico/pico-sdk/src/rp2_common/hardware_uart/uart.c.obj
                0x10001d44                uart_init
 .text.clocks_init
                0x10001ed0      0x2c8 CMakeFiles/scope.dir/Users/laaaaaaaa/Desktop/pico/pico-sdk/src/rp2_common/hardware_clocks/clocks.c.obj
                0x10001ed0                clocks_init
 .text.clock_get_hz
                0x10002198        0xc CMakeFiles/scope.dir/Users/laaaaaaaa/Desktop/pico/pico-sdk/src/rp2_common/hardware_clocks/clocks.c.obj
                0x10002198                clock_get_hz
 .text.pll_init
                0x100021a4       0xa4 CMakeFiles/scope.dir/Users/laaaaaaaa/Desktop/pico/pico-sdk/src/rp2_common/hardware_pll/pll.c.obj
                0x100021a4                pll_init
 .text.watchdog_start_tick
                0x10002248       0x10 CMakeFiles/scope.dir/Users/laaaaaaaa/Desktop/pico/pico-sdk/src/rp2_common/hardware_watchdog/watchdog.c.obj
                0x10002248                watchdog_start_tick
 .text.watchdog_reboot
                0x10002258       0x9c CMakeFiles/scope.dir/Users/laaaaaaaa/Desktop/pico/pico-sdk/src/rp2_common/hardware_watchdog/watchdog.c.obj
                0x10002258                watchdog_reboot
 .text.xosc_init
                0x100022f4       0x28 CMakeFiles/scope.dir/Users/laaaaaaaa/Desktop/pico/pico-sdk/src/rp2_common/hardware_xosc/xosc.c.obj
                0x100022f4                xosc_init
 .text.runtime_init
                0x1000231c       0xf0 CMakeFiles/scope.dir/Users/laaaaaaaa/Desktop/pico/pico-sdk/src/rp2_common/pico_runtime/runtime.c.obj
                0x1000231c                runtime_init
 .text._exit    0x1000240c        0x4 CMakeFiles/scope.dir/Users/laaaaaaaa/Desktop/pico/pico-sdk/src/rp2_common/pico_runtime/runtime.c.obj
                0x1000240c                _exit
 .text.exit     0x10002410        0x8 CMakeFiles/scope.dir/Users/laaaaaaaa/Desktop/pico/pico-sdk/src/rp2_common/pico_runtime/runtime.c.obj
                0x10002410                exit
 .text.panic    0x10002418       0x30 CMakeFiles/scope.dir/Users/laaaaaaaa/Desktop/pico/pico-sdk/src/rp2_common/pico_runtime/runtime.c.obj
                0x10002418                panic
 .text.hard_assertion_failure
                0x10002448        0xc CMakeFiles/scope.dir/Users/laaaaaaaa/Desktop/pico/pico-sdk/src/rp2_common/pico_runtime/runtime.c.obj
                0x10002448                hard_assertion_failure
 .text._out_char
                0x10002454       0x10 CMakeFiles/scope.dir/Users/laaaaaaaa/Desktop/pico/pico-sdk/src/rp2_common/pico_printf/printf.c.obj
 .text.weak_raw_vprintf
                0x10002464       0x30 CMakeFiles/scope.dir/Users/laaaaaaaa/Desktop/pico/pico-sdk/src/rp2_common/pico_printf/printf.c.obj
                0x10002464                weak_raw_vprintf
 .text          0x10002494       0x10 CMakeFiles/scope.dir/Users/laaaaaaaa/Desktop/pico/pico-sdk/src/rp2_common/pico_bit_ops/bit_ops_aeabi.S.obj
 .text.rom_func_lookup
                0x100024a4       0x10 CMakeFiles/scope.dir/Users/laaaaaaaa/Desktop/pico/pico-sdk/src/rp2_common/pico_bootrom/bootrom.c.obj
                0x100024a4                rom_func_lookup
 .text.rom_data_lookup
                0x100024b4       0x10 CMakeFiles/scope.dir/Users/laaaaaaaa/Desktop/pico/pico-sdk/src/rp2_common/pico_bootrom/bootrom.c.obj
                0x100024b4                rom_data_lookup
 .text.rom_funcs_lookup
                0x100024c4       0x44 CMakeFiles/scope.dir/Users/laaaaaaaa/Desktop/pico/pico-sdk/src/rp2_common/pico_bootrom/bootrom.c.obj
                0x100024c4                rom_funcs_lookup
 .text.__wrap___aeabi_uidiv
                0x10002508       0x4c CMakeFiles/scope.dir/Users/laaaaaaaa/Desktop/pico/pico-sdk/src/rp2_common/pico_divider/divider.S.obj
                0x10002508                __wrap___aeabi_uidiv
                0x10002508                __wrap___aeabi_uidivmod
                0x10002508                div_u32u32
                0x10002508                divmod_u32u32
                0x10002510                divmod_u32u32_unsafe
                0x10002538                divmod_u32u32_savestate
 .text.__aeabi_double_init
                0x10002554       0x98 CMakeFiles/scope.dir/Users/laaaaaaaa/Desktop/pico/pico-sdk/src/rp2_common/pico_double/double_init_rom.c.obj
                0x10002554                __aeabi_double_init
 .text.double_table_shim_on_use_helper
                0x100025ec       0x2c CMakeFiles/scope.dir/Users/laaaaaaaa/Desktop/pico/pico-sdk/src/rp2_common/pico_double/double_v1_rom_shim.S.obj
                0x100025ec                double_table_shim_on_use_helper
 .text.__aeabi_lmul
                0x10002618       0x32 CMakeFiles/scope.dir/Users/laaaaaaaa/Desktop/pico/pico-sdk/src/rp2_common/pico_int64_ops/pico_int64_ops_aeabi.S.obj
                0x10002618                __wrap___aeabi_lmul
 *fill*         0x1000264a        0x2 
 .text.__aeabi_float_init
                0x1000264c       0x64 CMakeFiles/scope.dir/Users/laaaaaaaa/Desktop/pico/pico-sdk/src/rp2_common/pico_float/float_init_rom.c.obj
                0x1000264c                __aeabi_float_init
 .text.float_table_shim_on_use_helper
                0x100026b0       0x2c CMakeFiles/scope.dir/Users/laaaaaaaa/Desktop/pico/pico-sdk/src/rp2_common/pico_float/float_v1_rom_shim.S.obj
                0x100026b0                float_table_shim_on_use_helper
 .text          0x100026dc       0x10 CMakeFiles/scope.dir/Users/laaaaaaaa/Desktop/pico/pico-sdk/src/rp2_common/pico_mem_ops/mem_ops_aeabi.S.obj
                0x100026dc                __aeabi_mem_init
 .text.memset   0x100026ec        0xc CMakeFiles/scope.dir/Users/laaaaaaaa/Desktop/pico/pico-sdk/src/rp2_common/pico_mem_ops/mem_ops_aeabi.S.obj
                0x100026ec                __wrap_memset
 .text.memcpy   0x100026f8        0xc CMakeFiles/scope.dir/Users/laaaaaaaa/Desktop/pico/pico-sdk/src/rp2_common/pico_mem_ops/mem_ops_aeabi.S.obj
                0x100026f8                __wrap___aeabi_memcpy
                0x100026f8                __wrap_memcpy
 .text.stdio_out_chars_crlf
                0x10002704       0x94 CMakeFiles/scope.dir/Users/laaaaaaaa/Desktop/pico/pico-sdk/src/rp2_common/pico_stdio/stdio.c.obj
 .text.__wrap_putchar
                0x10002798       0x98 CMakeFiles/scope.dir/Users/laaaaaaaa/Desktop/pico/pico-sdk/src/rp2_common/pico_stdio/stdio.c.obj
                0x10002798                __wrap_putchar
 .text.__wrap_puts
                0x10002830       0xe0 CMakeFiles/scope.dir/Users/laaaaaaaa/Desktop/pico/pico-sdk/src/rp2_common/pico_stdio/stdio.c.obj
                0x10002830                __wrap_puts
 .text.stdio_set_driver_enabled
                0x10002910       0x30 CMakeFiles/scope.dir/Users/laaaaaaaa/Desktop/pico/pico-sdk/src/rp2_common/pico_stdio/stdio.c.obj
                0x10002910                stdio_set_driver_enabled
 .text.stdio_init_all
                0x10002940       0x10 CMakeFiles/scope.dir/Users/laaaaaaaa/Desktop/pico/pico-sdk/src/rp2_common/pico_stdio/stdio.c.obj
                0x10002940                stdio_init_all
 .text.stdio_uart_out_chars
                0x10002950       0x4c CMakeFiles/scope.dir/Users/laaaaaaaa/Desktop/pico/pico-sdk/src/rp2_common/pico_stdio_uart/stdio_uart.c.obj
 .text.stdio_uart_in_chars
                0x1000299c       0x90 CMakeFiles/scope.dir/Users/laaaaaaaa/Desktop/pico/pico-sdk/src/rp2_common/pico_stdio_uart/stdio_uart.c.obj
                0x1000299c                stdio_uart_in_chars
 .text.on_uart_rx
                0x10002a2c       0x28 CMakeFiles/scope.dir/Users/laaaaaaaa/Desktop/pico/pico-sdk/src/rp2_common/pico_stdio_uart/stdio_uart.c.obj
 .text.stdio_uart_set_chars_available_callback
                0x10002a54       0x8c CMakeFiles/scope.dir/Users/laaaaaaaa/Desktop/pico/pico-sdk/src/rp2_common/pico_stdio_uart/stdio_uart.c.obj
 .text.stdio_uart_init
                0x10002ae0       0x48 CMakeFiles/scope.dir/Users/laaaaaaaa/Desktop/pico/pico-sdk/src/rp2_common/pico_stdio_uart/stdio_uart.c.obj
                0x10002ae0                stdio_uart_init
 .text.resetd_init
                0x10002b28        0x4 CMakeFiles/scope.dir/Users/laaaaaaaa/Desktop/pico/pico-sdk/src/rp2_common/pico_stdio_usb/reset_interface.c.obj
 .text.resetd_reset
                0x10002b2c        0xc CMakeFiles/scope.dir/Users/laaaaaaaa/Desktop/pico/pico-sdk/src/rp2_common/pico_stdio_usb/reset_interface.c.obj
 .text.resetd_open
                0x10002b38       0x28 CMakeFiles/scope.dir/Users/laaaaaaaa/Desktop/pico/pico-sdk/src/rp2_common/pico_stdio_usb/reset_interface.c.obj
 .text.resetd_xfer_cb
                0x10002b60        0x4 CMakeFiles/scope.dir/Users/laaaaaaaa/Desktop/pico/pico-sdk/src/rp2_common/pico_stdio_usb/reset_interface.c.obj
 .text.resetd_control_xfer_cb
                0x10002b64       0x60 CMakeFiles/scope.dir/Users/laaaaaaaa/Desktop/pico/pico-sdk/src/rp2_common/pico_stdio_usb/reset_interface.c.obj
 .text.usbd_app_driver_get_cb
                0x10002bc4        0xc CMakeFiles/scope.dir/Users/laaaaaaaa/Desktop/pico/pico-sdk/src/rp2_common/pico_stdio_usb/reset_interface.c.obj
                0x10002bc4                usbd_app_driver_get_cb
 .text.tud_cdc_line_coding_cb
                0x10002bd0       0x34 CMakeFiles/scope.dir/Users/laaaaaaaa/Desktop/pico/pico-sdk/src/rp2_common/pico_stdio_usb/reset_interface.c.obj
                0x10002bd0                tud_cdc_line_coding_cb
 .text.stdio_usb_set_chars_available_callback
                0x10002c04       0x14 CMakeFiles/scope.dir/Users/laaaaaaaa/Desktop/pico/pico-sdk/src/rp2_common/pico_stdio_usb/stdio_usb.c.obj
                0x10002c04                stdio_usb_set_chars_available_callback
 .text.usb_irq  0x10002c18       0x10 CMakeFiles/scope.dir/Users/laaaaaaaa/Desktop/pico/pico-sdk/src/rp2_common/pico_stdio_usb/stdio_usb.c.obj
 .text.timer_task
                0x10002c28       0x54 CMakeFiles/scope.dir/Users/laaaaaaaa/Desktop/pico/pico-sdk/src/rp2_common/pico_stdio_usb/stdio_usb.c.obj
 .text.stdio_usb_in_chars
                0x10002c7c       0x90 CMakeFiles/scope.dir/Users/laaaaaaaa/Desktop/pico/pico-sdk/src/rp2_common/pico_stdio_usb/stdio_usb.c.obj
                0x10002c7c                stdio_usb_in_chars
 .text.stdio_usb_out_chars
                0x10002d0c      0x104 CMakeFiles/scope.dir/Users/laaaaaaaa/Desktop/pico/pico-sdk/src/rp2_common/pico_stdio_usb/stdio_usb.c.obj
 .text.low_priority_worker_irq
                0x10002e10       0xa8 CMakeFiles/scope.dir/Users/laaaaaaaa/Desktop/pico/pico-sdk/src/rp2_common/pico_stdio_usb/stdio_usb.c.obj
 .text.tud_cdc_rx_cb
                0x10002eb8       0x20 CMakeFiles/scope.dir/Users/laaaaaaaa/Desktop/pico/pico-sdk/src/rp2_common/pico_stdio_usb/stdio_usb.c.obj
                0x10002eb8                tud_cdc_rx_cb
 .text.stdio_usb_init
                0x10002ed8       0xe0 CMakeFiles/scope.dir/Users/laaaaaaaa/Desktop/pico/pico-sdk/src/rp2_common/pico_stdio_usb/stdio_usb.c.obj
                0x10002ed8                stdio_usb_init
 .text.tud_descriptor_device_cb
                0x10002fb8        0x8 CMakeFiles/scope.dir/Users/laaaaaaaa/Desktop/pico/pico-sdk/src/rp2_common/pico_stdio_usb/stdio_usb_descriptors.c.obj
                0x10002fb8                tud_descriptor_device_cb
 .text.tud_descriptor_configuration_cb
                0x10002fc0        0x8 CMakeFiles/scope.dir/Users/laaaaaaaa/Desktop/pico/pico-sdk/src/rp2_common/pico_stdio_usb/stdio_usb_descriptors.c.obj
                0x10002fc0                tud_descriptor_configuration_cb
 .text.tud_descriptor_string_cb
                0x10002fc8       0x78 CMakeFiles/scope.dir/Users/laaaaaaaa/Desktop/pico/pico-sdk/src/rp2_common/pico_stdio_usb/stdio_usb_descriptors.c.obj
                0x10002fc8                tud_descriptor_string_cb
 .text.startup._retrieve_unique_id_on_boot
                0x10003040       0x10 CMakeFiles/scope.dir/Users/laaaaaaaa/Desktop/pico/pico-sdk/src/rp2_common/pico_unique_id/unique_id.c.obj
 .text.pico_get_unique_board_id_string
                0x10003050      0x1a8 CMakeFiles/scope.dir/Users/laaaaaaaa/Desktop/pico/pico-sdk/src/rp2_common/pico_unique_id/unique_id.c.obj
                0x10003050                pico_get_unique_board_id_string
 .text.flash_get_unique_id
                0x100031f8       0x3c CMakeFiles/scope.dir/Users/laaaaaaaa/Desktop/pico/pico-sdk/src/rp2_common/hardware_flash/flash.c.obj
                0x100031f8                flash_get_unique_id
 .text.dcd_int_enable
                0x10003234        0xc CMakeFiles/scope.dir/Users/laaaaaaaa/Desktop/pico/pico-sdk/lib/tinyusb/src/portable/raspberrypi/rp2040/dcd_rp2040.c.obj
                0x10003234                dcd_int_enable
 .text.dcd_set_address
                0x10003240       0x14 CMakeFiles/scope.dir/Users/laaaaaaaa/Desktop/pico/pico-sdk/lib/tinyusb/src/portable/raspberrypi/rp2040/dcd_rp2040.c.obj
                0x10003240                dcd_set_address
 .text.dcd_connect
                0x10003254       0x10 CMakeFiles/scope.dir/Users/laaaaaaaa/Desktop/pico/pico-sdk/lib/tinyusb/src/portable/raspberrypi/rp2040/dcd_rp2040.c.obj
                0x10003254                dcd_connect
 .text.dcd_init
                0x10003264       0x98 CMakeFiles/scope.dir/Users/laaaaaaaa/Desktop/pico/pico-sdk/lib/tinyusb/src/portable/raspberrypi/rp2040/dcd_rp2040.c.obj
                0x10003264                dcd_init
 .text.dcd_edpt0_status_complete
                0x100032fc       0x1c CMakeFiles/scope.dir/Users/laaaaaaaa/Desktop/pico/pico-sdk/lib/tinyusb/src/portable/raspberrypi/rp2040/dcd_rp2040.c.obj
                0x100032fc                dcd_edpt0_status_complete
 .text.dcd_edpt_open
                0x10003318      0x108 CMakeFiles/scope.dir/Users/laaaaaaaa/Desktop/pico/pico-sdk/lib/tinyusb/src/portable/raspberrypi/rp2040/dcd_rp2040.c.obj
                0x10003318                dcd_edpt_open
 .text.dcd_edpt_close_all
                0x10003420        0x8 CMakeFiles/scope.dir/Users/laaaaaaaa/Desktop/pico/pico-sdk/lib/tinyusb/src/portable/raspberrypi/rp2040/dcd_rp2040.c.obj
                0x10003420                dcd_edpt_close_all
 .text.dcd_edpt_xfer
                0x10003428       0x24 CMakeFiles/scope.dir/Users/laaaaaaaa/Desktop/pico/pico-sdk/lib/tinyusb/src/portable/raspberrypi/rp2040/dcd_rp2040.c.obj
                0x10003428                dcd_edpt_xfer
 .text.dcd_edpt_stall
                0x1000344c       0x34 CMakeFiles/scope.dir/Users/laaaaaaaa/Desktop/pico/pico-sdk/lib/tinyusb/src/portable/raspberrypi/rp2040/dcd_rp2040.c.obj
                0x1000344c                dcd_edpt_stall
 .text.dcd_edpt_clear_stall
                0x10003480       0x30 CMakeFiles/scope.dir/Users/laaaaaaaa/Desktop/pico/pico-sdk/lib/tinyusb/src/portable/raspberrypi/rp2040/dcd_rp2040.c.obj
                0x10003480                dcd_edpt_clear_stall
 .text.rp2040_usb_init
                0x100034b0       0x4c CMakeFiles/scope.dir/Users/laaaaaaaa/Desktop/pico/pico-sdk/lib/tinyusb/src/portable/raspberrypi/rp2040/rp2040_usb.c.obj
                0x100034b0                rp2040_usb_init
 .text.hw_endpoint_xfer_start
                0x100034fc       0x40 CMakeFiles/scope.dir/Users/laaaaaaaa/Desktop/pico/pico-sdk/lib/tinyusb/src/portable/raspberrypi/rp2040/rp2040_usb.c.obj
                0x100034fc                hw_endpoint_xfer_start
 .text.tud_mounted
                0x1000353c       0x10 CMakeFiles/scope.dir/Users/laaaaaaaa/Desktop/pico/pico-sdk/lib/tinyusb/src/device/usbd.c.obj
                0x1000353c                tud_mounted
 .text.tud_suspended
                0x1000354c       0x10 CMakeFiles/scope.dir/Users/laaaaaaaa/Desktop/pico/pico-sdk/lib/tinyusb/src/device/usbd.c.obj
                0x1000354c                tud_suspended
 .text.tud_inited
                0x1000355c       0x14 CMakeFiles/scope.dir/Users/laaaaaaaa/Desktop/pico/pico-sdk/lib/tinyusb/src/device/usbd.c.obj
                0x1000355c                tud_inited
 .text.tud_init
                0x10003570       0xdc CMakeFiles/scope.dir/Users/laaaaaaaa/Desktop/pico/pico-sdk/lib/tinyusb/src/device/usbd.c.obj
                0x10003570                tud_init
 .text.tud_task_ext
                0x1000364c      0x850 CMakeFiles/scope.dir/Users/laaaaaaaa/Desktop/pico/pico-sdk/lib/tinyusb/src/device/usbd.c.obj
                0x1000364c                tud_task_ext
 .text.usbd_open_edpt_pair
                0x10003e9c       0x9c CMakeFiles/scope.dir/Users/laaaaaaaa/Desktop/pico/pico-sdk/lib/tinyusb/src/device/usbd.c.obj
                0x10003e9c                usbd_open_edpt_pair
 .text.usbd_defer_func
                0x10003f38       0x48 CMakeFiles/scope.dir/Users/laaaaaaaa/Desktop/pico/pico-sdk/lib/tinyusb/src/device/usbd.c.obj
                0x10003f38                usbd_defer_func
 .text.usbd_edpt_open
                0x10003f80       0x34 CMakeFiles/scope.dir/Users/laaaaaaaa/Desktop/pico/pico-sdk/lib/tinyusb/src/device/usbd.c.obj
                0x10003f80                usbd_edpt_open
 .text.usbd_edpt_claim
                0x10003fb4       0x28 CMakeFiles/scope.dir/Users/laaaaaaaa/Desktop/pico/pico-sdk/lib/tinyusb/src/device/usbd.c.obj
                0x10003fb4                usbd_edpt_claim
 .text.usbd_edpt_release
                0x10003fdc       0x28 CMakeFiles/scope.dir/Users/laaaaaaaa/Desktop/pico/pico-sdk/lib/tinyusb/src/device/usbd.c.obj
                0x10003fdc                usbd_edpt_release
 .text.usbd_edpt_xfer
                0x10004004       0x4c CMakeFiles/scope.dir/Users/laaaaaaaa/Desktop/pico/pico-sdk/lib/tinyusb/src/device/usbd.c.obj
                0x10004004                usbd_edpt_xfer
 .text.tud_control_status
                0x10004050       0x2c CMakeFiles/scope.dir/Users/laaaaaaaa/Desktop/pico/pico-sdk/lib/tinyusb/src/device/usbd_control.c.obj
                0x10004050                tud_control_status
 .text.tud_control_xfer
                0x1000407c       0xac CMakeFiles/scope.dir/Users/laaaaaaaa/Desktop/pico/pico-sdk/lib/tinyusb/src/device/usbd_control.c.obj
                0x1000407c                tud_control_xfer
 .text.usbd_control_reset
                0x10004128       0x14 CMakeFiles/scope.dir/Users/laaaaaaaa/Desktop/pico/pico-sdk/lib/tinyusb/src/device/usbd_control.c.obj
                0x10004128                usbd_control_reset
 .text.usbd_control_set_complete_callback
                0x1000413c        0xc CMakeFiles/scope.dir/Users/laaaaaaaa/Desktop/pico/pico-sdk/lib/tinyusb/src/device/usbd_control.c.obj
                0x1000413c                usbd_control_set_complete_callback
 .text.usbd_control_set_request
                0x10004148       0x1c CMakeFiles/scope.dir/Users/laaaaaaaa/Desktop/pico/pico-sdk/lib/tinyusb/src/device/usbd_control.c.obj
                0x10004148                usbd_control_set_request
 .text.usbd_control_xfer_cb
                0x10004164       0xf4 CMakeFiles/scope.dir/Users/laaaaaaaa/Desktop/pico/pico-sdk/lib/tinyusb/src/device/usbd_control.c.obj
                0x10004164                usbd_control_xfer_cb
 .text.tud_cdc_n_connected
                0x10004258       0x30 CMakeFiles/scope.dir/Users/laaaaaaaa/Desktop/pico/pico-sdk/lib/tinyusb/src/class/cdc/cdc_device.c.obj
                0x10004258                tud_cdc_n_connected
 .text.tud_cdc_n_available
                0x10004288       0x18 CMakeFiles/scope.dir/Users/laaaaaaaa/Desktop/pico/pico-sdk/lib/tinyusb/src/class/cdc/cdc_device.c.obj
                0x10004288                tud_cdc_n_available
 .text.tud_cdc_n_read
                0x100042a0       0x70 CMakeFiles/scope.dir/Users/laaaaaaaa/Desktop/pico/pico-sdk/lib/tinyusb/src/class/cdc/cdc_device.c.obj
                0x100042a0                tud_cdc_n_read
 .text.tud_cdc_n_write_flush
                0x10004310       0x78 CMakeFiles/scope.dir/Users/laaaaaaaa/Desktop/pico/pico-sdk/lib/tinyusb/src/class/cdc/cdc_device.c.obj
                0x10004310                tud_cdc_n_write_flush
 .text.tud_cdc_n_write
                0x10004388       0x34 CMakeFiles/scope.dir/Users/laaaaaaaa/Desktop/pico/pico-sdk/lib/tinyusb/src/class/cdc/cdc_device.c.obj
                0x10004388                tud_cdc_n_write
 .text.tud_cdc_n_write_available
                0x100043bc       0x18 CMakeFiles/scope.dir/Users/laaaaaaaa/Desktop/pico/pico-sdk/lib/tinyusb/src/class/cdc/cdc_device.c.obj
                0x100043bc                tud_cdc_n_write_available
 .text.cdcd_init
                0x100043d4       0x7c CMakeFiles/scope.dir/Users/laaaaaaaa/Desktop/pico/pico-sdk/lib/tinyusb/src/class/cdc/cdc_device.c.obj
                0x100043d4                cdcd_init
 .text.cdcd_reset
                0x10004450       0x2c CMakeFiles/scope.dir/Users/laaaaaaaa/Desktop/pico/pico-sdk/lib/tinyusb/src/class/cdc/cdc_device.c.obj
                0x10004450                cdcd_reset
 .text.cdcd_open
                0x1000447c       0xe4 CMakeFiles/scope.dir/Users/laaaaaaaa/Desktop/pico/pico-sdk/lib/tinyusb/src/class/cdc/cdc_device.c.obj
                0x1000447c                cdcd_open
 .text.cdcd_control_xfer_cb
                0x10004560       0xe4 CMakeFiles/scope.dir/Users/laaaaaaaa/Desktop/pico/pico-sdk/lib/tinyusb/src/class/cdc/cdc_device.c.obj
                0x10004560                cdcd_control_xfer_cb
 .text.cdcd_xfer_cb
                0x10004644      0x13c CMakeFiles/scope.dir/Users/laaaaaaaa/Desktop/pico/pico-sdk/lib/tinyusb/src/class/cdc/cdc_device.c.obj
                0x10004644                cdcd_xfer_cb
 .text.tusb_init
                0x10004780        0xc CMakeFiles/scope.dir/Users/laaaaaaaa/Desktop/pico/pico-sdk/lib/tinyusb/src/tusb.c.obj
                0x10004780                tusb_init
 .text.tusb_inited
                0x1000478c        0x8 CMakeFiles/scope.dir/Users/laaaaaaaa/Desktop/pico/pico-sdk/lib/tinyusb/src/tusb.c.obj
                0x1000478c                tusb_inited
 .text.tu_edpt_claim
                0x10004794       0x50 CMakeFiles/scope.dir/Users/laaaaaaaa/Desktop/pico/pico-sdk/lib/tinyusb/src/tusb.c.obj
                0x10004794                tu_edpt_claim
 .text.tu_edpt_release
                0x100047e4       0x38 CMakeFiles/scope.dir/Users/laaaaaaaa/Desktop/pico/pico-sdk/lib/tinyusb/src/tusb.c.obj
                0x100047e4                tu_edpt_release
 .text.tu_edpt_validate
                0x1000481c       0x7c CMakeFiles/scope.dir/Users/laaaaaaaa/Desktop/pico/pico-sdk/lib/tinyusb/src/tusb.c.obj
                0x1000481c                tu_edpt_validate
 .text.tu_edpt_bind_driver
                0x10004898       0x34 CMakeFiles/scope.dir/Users/laaaaaaaa/Desktop/pico/pico-sdk/lib/tinyusb/src/tusb.c.obj
                0x10004898                tu_edpt_bind_driver
 .text.tu_fifo_config
                0x100048cc       0x6c CMakeFiles/scope.dir/Users/laaaaaaaa/Desktop/pico/pico-sdk/lib/tinyusb/src/common/tusb_fifo.c.obj
                0x100048cc                tu_fifo_config
 .text.tu_fifo_count
                0x10004938       0x2c CMakeFiles/scope.dir/Users/laaaaaaaa/Desktop/pico/pico-sdk/lib/tinyusb/src/common/tusb_fifo.c.obj
                0x10004938                tu_fifo_count
 .text.tu_fifo_empty
                0x10004964       0x10 CMakeFiles/scope.dir/Users/laaaaaaaa/Desktop/pico/pico-sdk/lib/tinyusb/src/common/tusb_fifo.c.obj
                0x10004964                tu_fifo_empty
 .text.tu_fifo_remaining
                0x10004974       0x2c CMakeFiles/scope.dir/Users/laaaaaaaa/Desktop/pico/pico-sdk/lib/tinyusb/src/common/tusb_fifo.c.obj
                0x10004974                tu_fifo_remaining
 .text.tu_fifo_read
                0x100049a0       0x9c CMakeFiles/scope.dir/Users/laaaaaaaa/Desktop/pico/pico-sdk/lib/tinyusb/src/common/tusb_fifo.c.obj
                0x100049a0                tu_fifo_read
 .text.tu_fifo_read_n
                0x10004a3c       0xe8 CMakeFiles/scope.dir/Users/laaaaaaaa/Desktop/pico/pico-sdk/lib/tinyusb/src/common/tusb_fifo.c.obj
                0x10004a3c                tu_fifo_read_n
 .text.tu_fifo_write
                0x10004b24       0xa8 CMakeFiles/scope.dir/Users/laaaaaaaa/Desktop/pico/pico-sdk/lib/tinyusb/src/common/tusb_fifo.c.obj
                0x10004b24                tu_fifo_write
 .text.tu_fifo_write_n
                0x10004bcc      0x178 CMakeFiles/scope.dir/Users/laaaaaaaa/Desktop/pico/pico-sdk/lib/tinyusb/src/common/tusb_fifo.c.obj
                0x10004bcc                tu_fifo_write_n
 .text.tu_fifo_clear
                0x10004d44       0x40 CMakeFiles/scope.dir/Users/laaaaaaaa/Desktop/pico/pico-sdk/lib/tinyusb/src/common/tusb_fifo.c.obj
                0x10004d44                tu_fifo_clear
 .text.tu_fifo_set_overwritable
                0x10004d84       0x48 CMakeFiles/scope.dir/Users/laaaaaaaa/Desktop/pico/pico-sdk/lib/tinyusb/src/common/tusb_fifo.c.obj
                0x10004d84                tu_fifo_set_overwritable
 .text.i2c_set_baudrate
                0x10004dcc       0xc4 CMakeFiles/scope.dir/Users/laaaaaaaa/Desktop/pico/pico-sdk/src/rp2_common/hardware_i2c/i2c.c.obj
                0x10004dcc                i2c_set_baudrate
 .text.i2c_init
                0x10004e90       0x50 CMakeFiles/scope.dir/Users/laaaaaaaa/Desktop/pico/pico-sdk/src/rp2_common/hardware_i2c/i2c.c.obj
                0x10004e90                i2c_init
 .text.i2c_write_blocking
                0x10004ee0       0xd0 CMakeFiles/scope.dir/Users/laaaaaaaa/Desktop/pico/pico-sdk/src/rp2_common/hardware_i2c/i2c.c.obj
                0x10004ee0                i2c_write_blocking
 .text.itoa     0x10004fb0       0x30 /Applications/ArmGNUToolchain/13.2.Rel1/arm-none-eabi/bin/../lib/gcc/arm-none-eabi/13.2.1/../../../../arm-none-eabi/lib/thumb/v6-m/nofp/libc.a(libc_a-itoa.o)
                0x10004fb0                itoa
 .text.__utoa   0x10004fe0       0x80 /Applications/ArmGNUToolchain/13.2.Rel1/arm-none-eabi/bin/../lib/gcc/arm-none-eabi/13.2.1/../../../../arm-none-eabi/lib/thumb/v6-m/nofp/libc.a(libc_a-utoa.o)
                0x10004fe0                __utoa
 .text.strlen   0x10005060       0x5c /Applications/ArmGNUToolchain/13.2.Rel1/arm-none-eabi/bin/../lib/gcc/arm-none-eabi/13.2.1/../../../../arm-none-eabi/lib/thumb/v6-m/nofp/libc.a(libc_a-strlen-stub.o)
                0x10005060                strlen
 *(.fini)
 .fini          0x100050bc        0x4 /Applications/ArmGNUToolchain/13.2.Rel1/arm-none-eabi/bin/../lib/gcc/arm-none-eabi/13.2.1/thumb/v6-m/nofp/crti.o
                0x100050bc                _fini
 .fini.__stub   0x100050c0       0xb0 linker stubs
 *crtbegin.o(.ctors)
 *crtbegin?.o(.ctors)
 *(EXCLUDE_FILE(*crtend.o *crtend?.o) .ctors)
 *(SORT_BY_NAME(.ctors.*))
 *(.ctors)
 *crtbegin.o(.dtors)
 *crtbegin?.o(.dtors)
 *(EXCLUDE_FILE(*crtend.o *crtend?.o) .dtors)
 *(SORT_BY_NAME(.dtors.*))
 *(.dtors)
 *(.eh_frame*)
 .eh_frame      0x10005170        0x0 /Applications/ArmGNUToolchain/13.2.Rel1/arm-none-eabi/bin/../lib/gcc/arm-none-eabi/13.2.1/thumb/v6-m/nofp/crtbegin.o
                0x10005170                        . = ALIGN (0x4)

.glue_7         0x10005170        0x0
 .glue_7        0x10005170        0x0 linker stubs

.glue_7t        0x10005170        0x0
 .glue_7t       0x10005170        0x0 linker stubs

.vfp11_veneer   0x10005170        0x0
 .vfp11_veneer  0x10005170        0x0 linker stubs

.v4_bx          0x10005170        0x0
 .v4_bx         0x10005170        0x0 linker stubs

.iplt           0x10005170        0x0
 .iplt          0x10005170        0x0 /Applications/ArmGNUToolchain/13.2.Rel1/arm-none-eabi/bin/../lib/gcc/arm-none-eabi/13.2.1/thumb/v6-m/nofp/crtbegin.o

.rodata         0x10005170      0x570
 *(EXCLUDE_FILE(*libm.a: *libc.a:*lib_a-mem*.o *libgcc.a:) .rodata*)
 .rodata.font   0x10005170      0x128 CMakeFiles/scope.dir/drivers/oled/oled.c.obj
 .rodata.spin_lock_claim_unused.str1.4
                0x10005298      0x1b1 CMakeFiles/scope.dir/Users/laaaaaaaa/Desktop/pico/pico-sdk/src/rp2_common/hardware_sync/sync.c.obj
                                 0x1b (size before relaxing)
 .rodata.user_irq_claim_unused.str1.4
                0x10005449       0x1b CMakeFiles/scope.dir/Users/laaaaaaaa/Desktop/pico/pico-sdk/src/rp2_common/hardware_irq/irq.c.obj
 .rodata.hardware_alarm_claim.str1.4
                0x10005449       0x22 CMakeFiles/scope.dir/Users/laaaaaaaa/Desktop/pico/pico-sdk/src/rp2_common/hardware_timer/timer.c.obj
 .rodata.panic.str1.4
                0x10005449       0x12 CMakeFiles/scope.dir/Users/laaaaaaaa/Desktop/pico/pico-sdk/src/rp2_common/pico_runtime/runtime.c.obj
 .rodata.hard_assertion_failure.str1.4
                0x10005449        0xc CMakeFiles/scope.dir/Users/laaaaaaaa/Desktop/pico/pico-sdk/src/rp2_common/pico_runtime/runtime.c.obj
 .rodata.str1.4
                0x10005449       0x40 CMakeFiles/scope.dir/Users/laaaaaaaa/Desktop/pico/pico-sdk/src/rp2_common/pico_standard_link/binary_info.c.obj
 *fill*         0x10005449        0x3 
 .rodata.__bi_81
                0x1000544c        0xc CMakeFiles/scope.dir/Users/laaaaaaaa/Desktop/pico/pico-sdk/src/rp2_common/pico_standard_link/binary_info.c.obj
 .rodata.__bi_75
                0x10005458        0xc CMakeFiles/scope.dir/Users/laaaaaaaa/Desktop/pico/pico-sdk/src/rp2_common/pico_standard_link/binary_info.c.obj
 .rodata.__bi_56
                0x10005464        0xc CMakeFiles/scope.dir/Users/laaaaaaaa/Desktop/pico/pico-sdk/src/rp2_common/pico_standard_link/binary_info.c.obj
 .rodata.__bi_44
                0x10005470        0xc CMakeFiles/scope.dir/Users/laaaaaaaa/Desktop/pico/pico-sdk/src/rp2_common/pico_standard_link/binary_info.c.obj
 .rodata.crlf_str.0
                0x1000547c        0x2 CMakeFiles/scope.dir/Users/laaaaaaaa/Desktop/pico/pico-sdk/src/rp2_common/pico_stdio/stdio.c.obj
 .rodata.str1.4
                0x1000547e       0x2c CMakeFiles/scope.dir/Users/laaaaaaaa/Desktop/pico/pico-sdk/src/rp2_common/pico_stdio_uart/stdio_uart.c.obj
 *fill*         0x1000547e        0x2 
 .rodata.__bi_33.4
                0x10005480        0xc CMakeFiles/scope.dir/Users/laaaaaaaa/Desktop/pico/pico-sdk/src/rp2_common/pico_stdio_uart/stdio_uart.c.obj
 .rodata.__bi_34.5
                0x1000548c        0x8 CMakeFiles/scope.dir/Users/laaaaaaaa/Desktop/pico/pico-sdk/src/rp2_common/pico_stdio_uart/stdio_uart.c.obj
 .rodata._resetd_driver
                0x10005494       0x18 CMakeFiles/scope.dir/Users/laaaaaaaa/Desktop/pico/pico-sdk/src/rp2_common/pico_stdio_usb/reset_interface.c.obj
 .rodata.str1.4
                0x100054ac       0x13 CMakeFiles/scope.dir/Users/laaaaaaaa/Desktop/pico/pico-sdk/src/rp2_common/pico_stdio_usb/stdio_usb.c.obj
 .rodata.__bi_182.0
                0x100054ac        0xc CMakeFiles/scope.dir/Users/laaaaaaaa/Desktop/pico/pico-sdk/src/rp2_common/pico_stdio_usb/stdio_usb.c.obj
 .rodata.str1.4
                0x100054b8       0x2a CMakeFiles/scope.dir/Users/laaaaaaaa/Desktop/pico/pico-sdk/src/rp2_common/pico_stdio_usb/stdio_usb_descriptors.c.obj
 .rodata.usbd_desc_str
                0x100054b8       0x18 CMakeFiles/scope.dir/Users/laaaaaaaa/Desktop/pico/pico-sdk/src/rp2_common/pico_stdio_usb/stdio_usb_descriptors.c.obj
 .rodata.usbd_desc_cfg
                0x100054d0       0x54 CMakeFiles/scope.dir/Users/laaaaaaaa/Desktop/pico/pico-sdk/src/rp2_common/pico_stdio_usb/stdio_usb_descriptors.c.obj
 .rodata.usbd_desc_device
                0x10005524       0x12 CMakeFiles/scope.dir/Users/laaaaaaaa/Desktop/pico/pico-sdk/src/rp2_common/pico_stdio_usb/stdio_usb_descriptors.c.obj
 .rodata.str1.4
                0x10005536       0x14 CMakeFiles/scope.dir/Users/laaaaaaaa/Desktop/pico/pico-sdk/lib/tinyusb/src/portable/raspberrypi/rp2040/dcd_rp2040.c.obj
 .rodata.str1.4
                0x10005536       0x53 CMakeFiles/scope.dir/Users/laaaaaaaa/Desktop/pico/pico-sdk/lib/tinyusb/src/portable/raspberrypi/rp2040/rp2040_usb.c.obj
 *fill*         0x10005536        0x2 
 .rodata.tud_task_ext
                0x10005538       0x8c CMakeFiles/scope.dir/Users/laaaaaaaa/Desktop/pico/pico-sdk/lib/tinyusb/src/device/usbd.c.obj
 .rodata._usbd_driver
                0x100055c4       0x18 CMakeFiles/scope.dir/Users/laaaaaaaa/Desktop/pico/pico-sdk/lib/tinyusb/src/device/usbd.c.obj
 .rodata.__utoa.str1.4
                0x100055dc       0x25 /Applications/ArmGNUToolchain/13.2.Rel1/arm-none-eabi/bin/../lib/gcc/arm-none-eabi/13.2.1/../../../../arm-none-eabi/lib/thumb/v6-m/nofp/libc.a(libc_a-utoa.o)
 .rodata._ctype_
                0x100055dc      0x101 /Applications/ArmGNUToolchain/13.2.Rel1/arm-none-eabi/bin/../lib/gcc/arm-none-eabi/13.2.1/../../../../arm-none-eabi/lib/thumb/v6-m/nofp/libc.a(libc_a-ctype_.o)
                0x100055dc                _ctype_
                0x100056e0                        . = ALIGN (0x4)
 *fill*         0x100056dd        0x3 
 *(SORT_BY_ALIGNMENT(SORT_BY_NAME(.flashdata*)))
                0x100056e0                        . = ALIGN (0x4)

.ARM.extab
 *(.ARM.extab* .gnu.linkonce.armextab.*)
                0x100056e0                        __exidx_start = .

.ARM.exidx
 *(.ARM.exidx* .gnu.linkonce.armexidx.*)
                0x100056e0                        __exidx_end = .
                0x100056e0                        . = ALIGN (0x4)
                0x100056e0                        __binary_info_start = .

.binary_info    0x100056e0       0x2c
 *(.binary_info.keep.*)
 .binary_info.keep.__bi_ptr81
                0x100056e0        0x4 CMakeFiles/scope.dir/Users/laaaaaaaa/Desktop/pico/pico-sdk/src/rp2_common/pico_standard_link/binary_info.c.obj
 .binary_info.keep.__bi_ptr75
                0x100056e4        0x4 CMakeFiles/scope.dir/Users/laaaaaaaa/Desktop/pico/pico-sdk/src/rp2_common/pico_standard_link/binary_info.c.obj
 .binary_info.keep.__bi_ptr56
                0x100056e8        0x4 CMakeFiles/scope.dir/Users/laaaaaaaa/Desktop/pico/pico-sdk/src/rp2_common/pico_standard_link/binary_info.c.obj
 .binary_info.keep.__bi_ptr50
                0x100056ec        0x4 CMakeFiles/scope.dir/Users/laaaaaaaa/Desktop/pico/pico-sdk/src/rp2_common/pico_standard_link/binary_info.c.obj
 .binary_info.keep.__bi_ptr44
                0x100056f0        0x4 CMakeFiles/scope.dir/Users/laaaaaaaa/Desktop/pico/pico-sdk/src/rp2_common/pico_standard_link/binary_info.c.obj
 .binary_info.keep.__bi_ptr38
                0x100056f4        0x4 CMakeFiles/scope.dir/Users/laaaaaaaa/Desktop/pico/pico-sdk/src/rp2_common/pico_standard_link/binary_info.c.obj
 .binary_info.keep.__bi_ptr30
                0x100056f8        0x4 CMakeFiles/scope.dir/Users/laaaaaaaa/Desktop/pico/pico-sdk/src/rp2_common/pico_standard_link/binary_info.c.obj
 .binary_info.keep.__bi_ptr22
                0x100056fc        0x4 CMakeFiles/scope.dir/Users/laaaaaaaa/Desktop/pico/pico-sdk/src/rp2_common/pico_standard_link/binary_info.c.obj
 *(.binary_info.*)
 .binary_info.__bi_ptr34
                0x10005700        0x4 CMakeFiles/scope.dir/Users/laaaaaaaa/Desktop/pico/pico-sdk/src/rp2_common/pico_stdio_uart/stdio_uart.c.obj
 .binary_info.__bi_ptr33
                0x10005704        0x4 CMakeFiles/scope.dir/Users/laaaaaaaa/Desktop/pico/pico-sdk/src/rp2_common/pico_stdio_uart/stdio_uart.c.obj
 .binary_info.__bi_ptr182
                0x10005708        0x4 CMakeFiles/scope.dir/Users/laaaaaaaa/Desktop/pico/pico-sdk/src/rp2_common/pico_stdio_usb/stdio_usb.c.obj
                0x1000570c                        __binary_info_end = .

.rel.dyn        0x1000570c        0x0
 .rel.iplt      0x1000570c        0x0 /Applications/ArmGNUToolchain/13.2.Rel1/arm-none-eabi/bin/../lib/gcc/arm-none-eabi/13.2.1/thumb/v6-m/nofp/crtbegin.o
                0x1000570c                        . = ALIGN (0x4)

.ram_vector_table
                0x20000000       0xc0
 *(.ram_vector_table)
 .ram_vector_table
                0x20000000       0xc0 CMakeFiles/scope.dir/Users/laaaaaaaa/Desktop/pico/pico-sdk/src/rp2_common/pico_runtime/runtime.c.obj
                0x20000000                ram_vector_table

.data           0x200000c0      0xe60 load address 0x1000570c
                0x200000c0                        __data_start__ = .
 *(vtable)
 *(.time_critical*)
 .time_critical.mutex_try_enter
                0x200000c0       0x40 CMakeFiles/scope.dir/Users/laaaaaaaa/Desktop/pico/pico-sdk/src/common/pico_sync/mutex.c.obj
                0x200000c0                mutex_try_enter
 .time_critical.mutex_try_enter_block_until
                0x20000100       0x9c CMakeFiles/scope.dir/Users/laaaaaaaa/Desktop/pico/pico-sdk/src/common/pico_sync/mutex.c.obj
                0x20000100                mutex_try_enter_block_until
 .time_critical.mutex_enter_timeout_ms
                0x2000019c       0x90 CMakeFiles/scope.dir/Users/laaaaaaaa/Desktop/pico/pico-sdk/src/common/pico_sync/mutex.c.obj
                0x2000019c                mutex_enter_timeout_ms
 .time_critical.mutex_exit
                0x2000022c       0x28 CMakeFiles/scope.dir/Users/laaaaaaaa/Desktop/pico/pico-sdk/src/common/pico_sync/mutex.c.obj
                0x2000022c                mutex_exit
 .time_critical.flash_init_boot2_copyout
                0x20000254       0x30 CMakeFiles/scope.dir/Users/laaaaaaaa/Desktop/pico/pico-sdk/src/rp2_common/hardware_flash/flash.c.obj
 .time_critical.flash_enable_xip_via_boot2
                0x20000284        0xc CMakeFiles/scope.dir/Users/laaaaaaaa/Desktop/pico/pico-sdk/src/rp2_common/hardware_flash/flash.c.obj
 .time_critical.flash_cs_force
                0x20000290       0x38 CMakeFiles/scope.dir/Users/laaaaaaaa/Desktop/pico/pico-sdk/src/rp2_common/hardware_flash/flash.c.obj
 .time_critical.flash_do_cmd
                0x200002c8       0xc0 CMakeFiles/scope.dir/Users/laaaaaaaa/Desktop/pico/pico-sdk/src/rp2_common/hardware_flash/flash.c.obj
                0x200002c8                flash_do_cmd
 .time_critical.reset_non_control_endpoints
                0x20000388       0x68 CMakeFiles/scope.dir/Users/laaaaaaaa/Desktop/pico/pico-sdk/lib/tinyusb/src/portable/raspberrypi/rp2040/dcd_rp2040.c.obj
 .time_critical.hw_handle_buff_status
                0x200003f0       0xb0 CMakeFiles/scope.dir/Users/laaaaaaaa/Desktop/pico/pico-sdk/lib/tinyusb/src/portable/raspberrypi/rp2040/dcd_rp2040.c.obj
 .time_critical.dcd_rp2040_irq
                0x200004a0      0x510 CMakeFiles/scope.dir/Users/laaaaaaaa/Desktop/pico/pico-sdk/lib/tinyusb/src/portable/raspberrypi/rp2040/dcd_rp2040.c.obj
 .time_critical.e15_is_bulkin_ep
                0x200009b0       0x28 CMakeFiles/scope.dir/Users/laaaaaaaa/Desktop/pico/pico-sdk/lib/tinyusb/src/portable/raspberrypi/rp2040/rp2040_usb.c.obj
 .time_critical.e15_is_critical_frame_period
                0x200009d8       0x34 CMakeFiles/scope.dir/Users/laaaaaaaa/Desktop/pico/pico-sdk/lib/tinyusb/src/portable/raspberrypi/rp2040/rp2040_usb.c.obj
 .time_critical.prepare_ep_buffer
                0x20000a0c       0x6c CMakeFiles/scope.dir/Users/laaaaaaaa/Desktop/pico/pico-sdk/lib/tinyusb/src/portable/raspberrypi/rp2040/rp2040_usb.c.obj
 .time_critical.sync_ep_buffer
                0x20000a78       0x48 CMakeFiles/scope.dir/Users/laaaaaaaa/Desktop/pico/pico-sdk/lib/tinyusb/src/portable/raspberrypi/rp2040/rp2040_usb.c.obj
 .time_critical._hw_endpoint_xfer_sync
                0x20000ac0       0x28 CMakeFiles/scope.dir/Users/laaaaaaaa/Desktop/pico/pico-sdk/lib/tinyusb/src/portable/raspberrypi/rp2040/rp2040_usb.c.obj
 .time_critical.hw_endpoint_reset_transfer
                0x20000ae8        0xc CMakeFiles/scope.dir/Users/laaaaaaaa/Desktop/pico/pico-sdk/lib/tinyusb/src/portable/raspberrypi/rp2040/rp2040_usb.c.obj
                0x20000ae8                hw_endpoint_reset_transfer
 .time_critical._hw_endpoint_buffer_control_update32
                0x20000af4       0x58 CMakeFiles/scope.dir/Users/laaaaaaaa/Desktop/pico/pico-sdk/lib/tinyusb/src/portable/raspberrypi/rp2040/rp2040_usb.c.obj
                0x20000af4                _hw_endpoint_buffer_control_update32
 .time_critical.hw_endpoint_start_next_buffer
                0x20000b4c       0x6c CMakeFiles/scope.dir/Users/laaaaaaaa/Desktop/pico/pico-sdk/lib/tinyusb/src/portable/raspberrypi/rp2040/rp2040_usb.c.obj
                0x20000b4c                hw_endpoint_start_next_buffer
 .time_critical.hw_endpoint_xfer_continue
                0x20000bb8       0x50 CMakeFiles/scope.dir/Users/laaaaaaaa/Desktop/pico/pico-sdk/lib/tinyusb/src/portable/raspberrypi/rp2040/rp2040_usb.c.obj
                0x20000bb8                hw_endpoint_xfer_continue
 .time_critical.tinyusb
                0x20000c08      0x16c CMakeFiles/scope.dir/Users/laaaaaaaa/Desktop/pico/pico-sdk/lib/tinyusb/src/device/usbd.c.obj
                0x20000c08                dcd_event_handler
 *(.text*)
 .text          0x20000d74        0x4 /Applications/ArmGNUToolchain/13.2.Rel1/arm-none-eabi/bin/../lib/gcc/arm-none-eabi/13.2.1/thumb/v6-m/nofp/libgcc.a(_dvmd_tls.o)
                0x20000d74                __aeabi_ldiv0
                0x20000d74                __aeabi_idiv0
 .text.__stub   0x20000d78       0x70 linker stubs
                0x20000de8                        . = ALIGN (0x4)
 *(.rodata*)
                0x20000de8                        . = ALIGN (0x4)
 *(.data*)
 .data.cmds     0x20000de8       0x1c CMakeFiles/scope.dir/drivers/oled/oled.c.obj
 .data.striped_spin_lock_num
                0x20000e04        0x1 CMakeFiles/scope.dir/Users/laaaaaaaa/Desktop/pico/pico-sdk/src/rp2_common/hardware_sync/sync.c.obj
 *fill*         0x20000e05        0x3 
 .data          0x20000e08       0x48 CMakeFiles/scope.dir/Users/laaaaaaaa/Desktop/pico/pico-sdk/src/rp2_common/hardware_irq/irq_handler_chain.S.obj
                0x20000e08                irq_handler_chain_slots
                0x20000e38                irq_handler_chain_first_slot
                0x20000e42                irq_handler_chain_remove_tail
 .data.default_alarm_pool
                0x20000e50       0x18 CMakeFiles/scope.dir/Users/laaaaaaaa/Desktop/pico/pico-sdk/src/common/pico_time/time.c.obj
 .data.default_alarm_pool_heap
                0x20000e68       0x10 CMakeFiles/scope.dir/Users/laaaaaaaa/Desktop/pico/pico-sdk/src/common/pico_time/time.c.obj
 *fill*         0x20000e78        0x8 
 .data.aeabi_bits_funcs
                0x20000e80       0x10 CMakeFiles/scope.dir/Users/laaaaaaaa/Desktop/pico/pico-sdk/src/rp2_common/pico_bit_ops/bit_ops_aeabi.S.obj
                0x20000e80                aeabi_bits_funcs
                0x20000e90                aeabi_bits_funcs_end
 .data.aeabi_mem_funcs
                0x20000e90       0x10 CMakeFiles/scope.dir/Users/laaaaaaaa/Desktop/pico/pico-sdk/src/rp2_common/pico_mem_ops/mem_ops_aeabi.S.obj
                0x20000e90                aeabi_mem_funcs
                0x20000ea0                aeabi_mem_funcs_end
 .data.stdio_uart
                0x20000ea0       0x18 CMakeFiles/scope.dir/Users/laaaaaaaa/Desktop/pico/pico-sdk/src/rp2_common/pico_stdio_uart/stdio_uart.c.obj
                0x20000ea0                stdio_uart
 .data.stdio_usb
                0x20000eb8       0x18 CMakeFiles/scope.dir/Users/laaaaaaaa/Desktop/pico/pico-sdk/src/rp2_common/pico_stdio_usb/stdio_usb.c.obj
                0x20000eb8                stdio_usb
 .data.ep_dir_string
                0x20000ed0        0x8 CMakeFiles/scope.dir/Users/laaaaaaaa/Desktop/pico/pico-sdk/lib/tinyusb/src/portable/raspberrypi/rp2040/rp2040_usb.c.obj
                0x20000ed0                ep_dir_string
 .data._usbd_qdef
                0x20000ed8       0x1c CMakeFiles/scope.dir/Users/laaaaaaaa/Desktop/pico/pico-sdk/lib/tinyusb/src/device/usbd.c.obj
                0x20000ed8                _usbd_qdef
 .data._usbd_rhport
                0x20000ef4        0x1 CMakeFiles/scope.dir/Users/laaaaaaaa/Desktop/pico/pico-sdk/lib/tinyusb/src/device/usbd.c.obj
 *fill*         0x20000ef5        0x3 
 .data.i2c0_inst
                0x20000ef8        0x8 CMakeFiles/scope.dir/Users/laaaaaaaa/Desktop/pico/pico-sdk/src/rp2_common/hardware_i2c/i2c.c.obj
                0x20000ef8                i2c0_inst
                0x20000f00                        . = ALIGN (0x4)
 *(.after_data.*)
                0x20000f00                        . = ALIGN (0x4)
                0x20000f00                        PROVIDE (__mutex_array_start = .)
 *(SORT_BY_NAME(.mutex_array.*))
 *(.mutex_array)
 .mutex_array   0x20000f00        0x8 CMakeFiles/scope.dir/Users/laaaaaaaa/Desktop/pico/pico-sdk/src/rp2_common/pico_stdio/stdio.c.obj
                0x20000f08                        PROVIDE (__mutex_array_end = .)
                0x20000f08                        . = ALIGN (0x4)
                0x20000f08                        PROVIDE (__preinit_array_start = .)
 *(SORT_BY_NAME(.preinit_array.*))
 .preinit_array.00001
                0x20000f08        0x4 CMakeFiles/scope.dir/Users/laaaaaaaa/Desktop/pico/pico-sdk/src/rp2_common/pico_mem_ops/mem_ops_aeabi.S.obj
 .preinit_array.00010
                0x20000f0c        0x4 CMakeFiles/scope.dir/Users/laaaaaaaa/Desktop/pico/pico-sdk/src/rp2_common/pico_bit_ops/bit_ops_aeabi.S.obj
 .preinit_array.00020
                0x20000f10        0x4 CMakeFiles/scope.dir/Users/laaaaaaaa/Desktop/pico/pico-sdk/src/rp2_common/pico_double/double_aeabi.S.obj
 .preinit_array.00020
                0x20000f14        0x4 CMakeFiles/scope.dir/Users/laaaaaaaa/Desktop/pico/pico-sdk/src/rp2_common/pico_float/float_aeabi.S.obj
 *(.preinit_array)
                0x20000f18                        PROVIDE (__preinit_array_end = .)
                0x20000f18                        . = ALIGN (0x4)
                0x20000f18                        PROVIDE (__init_array_start = .)
 *(SORT_BY_NAME(.init_array.*))
 *(.init_array)
 .init_array    0x20000f18        0x4 /Applications/ArmGNUToolchain/13.2.Rel1/arm-none-eabi/bin/../lib/gcc/arm-none-eabi/13.2.1/thumb/v6-m/nofp/crtbegin.o
 .init_array    0x20000f1c        0x4 CMakeFiles/scope.dir/Users/laaaaaaaa/Desktop/pico/pico-sdk/src/rp2_common/pico_unique_id/unique_id.c.obj
                0x20000f20                        PROVIDE (__init_array_end = .)
                0x20000f20                        . = ALIGN (0x4)
                [!provide]                        PROVIDE (__fini_array_start = .)
 *(SORT_BY_NAME(.fini_array.*))
 *(.fini_array)
                [!provide]                        PROVIDE (__fini_array_end = .)
 *(.jcr)
                0x20000f20                        . = ALIGN (0x4)
                0x20000f20                        __data_end__ = .
                0x1000570c                        __etext = LOADADDR (.data)

.tm_clone_table
                0x20000f20        0x0 load address 0x1000656c
 .tm_clone_table
                0x20000f20        0x0 /Applications/ArmGNUToolchain/13.2.Rel1/arm-none-eabi/bin/../lib/gcc/arm-none-eabi/13.2.1/thumb/v6-m/nofp/crtbegin.o
 .tm_clone_table
                0x20000f20        0x0 /Applications/ArmGNUToolchain/13.2.Rel1/arm-none-eabi/bin/../lib/gcc/arm-none-eabi/13.2.1/thumb/v6-m/nofp/crtend.o

.igot.plt       0x20000f20        0x0 load address 0x1000656c
 .igot.plt      0x20000f20        0x0 /Applications/ArmGNUToolchain/13.2.Rel1/arm-none-eabi/bin/../lib/gcc/arm-none-eabi/13.2.1/thumb/v6-m/nofp/crtbegin.o

.uninitialized_data
                0x20000f20        0x0 load address 0x1000656c
                0x20000f20                        . = ALIGN (0x4)
 *(.uninitialized_data*)

.scratch_x      0x20040000        0x0 load address 0x1000656c
                0x20040000                        __scratch_x_start__ = .
 *(.scratch_x.*)
                0x20040000                        . = ALIGN (0x4)
                0x20040000                        __scratch_x_end__ = .
                0x1000656c                        __scratch_x_source__ = LOADADDR (.scratch_x)

.scratch_y      0x20041000        0x0 load address 0x1000656c
                0x20041000                        __scratch_y_start__ = .
 *(.scratch_y.*)
                0x20041000                        . = ALIGN (0x4)
                0x20041000                        __scratch_y_end__ = .
                0x1000656c                        __scratch_y_source__ = LOADADDR (.scratch_y)

.bss            0x20000f20     0x12bc
                0x20000f20                        . = ALIGN (0x4)
                0x20000f20                        __bss_start__ = .
 *(SORT_BY_ALIGNMENT(SORT_BY_NAME(.bss*)))
 .bss.Buffer    0x20000f20      0x400 CMakeFiles/scope.dir/drivers/oled/oled.c.obj
                0x20000f20                Buffer
 .bss.configured_freq
                0x20001320       0x28 CMakeFiles/scope.dir/Users/laaaaaaaa/Desktop/pico/pico-sdk/src/rp2_common/hardware_clocks/clocks.c.obj
 .bss.default_alarm_pool_entries
                0x20001348      0x100 CMakeFiles/scope.dir/Users/laaaaaaaa/Desktop/pico/pico-sdk/src/common/pico_time/time.c.obj
 .bss.last_avail_time.1
                0x20001448        0x8 CMakeFiles/scope.dir/Users/laaaaaaaa/Desktop/pico/pico-sdk/src/rp2_common/pico_stdio_usb/stdio_usb.c.obj
 .bss.sd_table  0x20001450      0x100 CMakeFiles/scope.dir/Users/laaaaaaaa/Desktop/pico/pico-sdk/src/rp2_common/pico_double/double_init_rom.c.obj
                0x20001450                sd_table
 .bss.sf_table  0x20001550      0x100 CMakeFiles/scope.dir/Users/laaaaaaaa/Desktop/pico/pico-sdk/src/rp2_common/pico_float/float_init_rom.c.obj
                0x20001550                sf_table
 .bss._app_driver
                0x20001650        0x4 CMakeFiles/scope.dir/Users/laaaaaaaa/Desktop/pico/pico-sdk/lib/tinyusb/src/device/usbd.c.obj
 .bss._cdcd_itf
                0x20001654      0x2c8 CMakeFiles/scope.dir/Users/laaaaaaaa/Desktop/pico/pico-sdk/lib/tinyusb/src/class/cdc/cdc_device.c.obj
 .bss._ctrl_xfer
                0x2000191c       0x14 CMakeFiles/scope.dir/Users/laaaaaaaa/Desktop/pico/pico-sdk/lib/tinyusb/src/device/usbd_control.c.obj
 .bss._ubsd_mutexdef
                0x20001930        0x8 CMakeFiles/scope.dir/Users/laaaaaaaa/Desktop/pico/pico-sdk/lib/tinyusb/src/device/usbd.c.obj
 .bss._usbd_ctrl_buf
                0x20001938       0x40 CMakeFiles/scope.dir/Users/laaaaaaaa/Desktop/pico/pico-sdk/lib/tinyusb/src/device/usbd_control.c.obj
 .bss._usbd_dev
                0x20001978       0x53 CMakeFiles/scope.dir/Users/laaaaaaaa/Desktop/pico/pico-sdk/lib/tinyusb/src/device/usbd.c.obj
 *fill*         0x200019cb        0x1 
 .bss._usbd_mutex
                0x200019cc        0x4 CMakeFiles/scope.dir/Users/laaaaaaaa/Desktop/pico/pico-sdk/lib/tinyusb/src/device/usbd.c.obj
 .bss._usbd_q   0x200019d0        0x4 CMakeFiles/scope.dir/Users/laaaaaaaa/Desktop/pico/pico-sdk/lib/tinyusb/src/device/usbd.c.obj
 .bss._usbd_qdef_buf
                0x200019d4       0xc0 CMakeFiles/scope.dir/Users/laaaaaaaa/Desktop/pico/pico-sdk/lib/tinyusb/src/device/usbd.c.obj
                0x200019d4                _usbd_qdef_buf
 .bss.alarm_callbacks
                0x20001a94       0x10 CMakeFiles/scope.dir/Users/laaaaaaaa/Desktop/pico/pico-sdk/src/rp2_common/hardware_timer/timer.c.obj
 .bss.boot2_copyout
                0x20001aa4      0x100 CMakeFiles/scope.dir/Users/laaaaaaaa/Desktop/pico/pico-sdk/src/rp2_common/hardware_flash/flash.c.obj
 .bss.chars_available_callback
                0x20001ba4        0x4 CMakeFiles/scope.dir/Users/laaaaaaaa/Desktop/pico/pico-sdk/src/rp2_common/pico_stdio_uart/stdio_uart.c.obj
 .bss.chars_available_callback
                0x20001ba8        0x4 CMakeFiles/scope.dir/Users/laaaaaaaa/Desktop/pico/pico-sdk/src/rp2_common/pico_stdio_usb/stdio_usb.c.obj
 .bss.chars_available_param
                0x20001bac        0x4 CMakeFiles/scope.dir/Users/laaaaaaaa/Desktop/pico/pico-sdk/src/rp2_common/pico_stdio_uart/stdio_uart.c.obj
 .bss.chars_available_param
                0x20001bb0        0x4 CMakeFiles/scope.dir/Users/laaaaaaaa/Desktop/pico/pico-sdk/src/rp2_common/pico_stdio_usb/stdio_usb.c.obj
 .bss.claimed   0x20001bb4        0x4 CMakeFiles/scope.dir/Users/laaaaaaaa/Desktop/pico/pico-sdk/src/rp2_common/hardware_sync/sync.c.obj
 .bss.default_alarm_pool_entry_ids_high
                0x20001bb8       0x10 CMakeFiles/scope.dir/Users/laaaaaaaa/Desktop/pico/pico-sdk/src/common/pico_time/time.c.obj
 .bss.default_alarm_pool_heap_nodes
                0x20001bc8       0x30 CMakeFiles/scope.dir/Users/laaaaaaaa/Desktop/pico/pico-sdk/src/common/pico_time/time.c.obj
 .bss.desc_str.0
                0x20001bf8       0x28 CMakeFiles/scope.dir/Users/laaaaaaaa/Desktop/pico/pico-sdk/src/rp2_common/pico_stdio_usb/stdio_usb_descriptors.c.obj
 .bss.drivers   0x20001c20        0x4 CMakeFiles/scope.dir/Users/laaaaaaaa/Desktop/pico/pico-sdk/src/rp2_common/pico_stdio/stdio.c.obj
 .bss.e15_last_sof
                0x20001c24        0x4 CMakeFiles/scope.dir/Users/laaaaaaaa/Desktop/pico/pico-sdk/lib/tinyusb/src/portable/raspberrypi/rp2040/rp2040_usb.c.obj
                0x20001c24                e15_last_sof
 .bss.filter    0x20001c28        0x4 CMakeFiles/scope.dir/Users/laaaaaaaa/Desktop/pico/pico-sdk/src/rp2_common/pico_stdio/stdio.c.obj
 .bss.hw_endpoints
                0x20001c2c      0x400 CMakeFiles/scope.dir/Users/laaaaaaaa/Desktop/pico/pico-sdk/lib/tinyusb/src/portable/raspberrypi/rp2040/dcd_rp2040.c.obj
 .bss.lazy_vsnprintf
                0x2000202c        0x4 CMakeFiles/scope.dir/Users/laaaaaaaa/Desktop/pico/pico-sdk/src/rp2_common/pico_printf/printf.c.obj
 .bss.load_value
                0x20002030        0x4 CMakeFiles/scope.dir/Users/laaaaaaaa/Desktop/pico/pico-sdk/src/rp2_common/hardware_watchdog/watchdog.c.obj
 .bss.next_buffer_ptr
                0x20002034        0x4 CMakeFiles/scope.dir/Users/laaaaaaaa/Desktop/pico/pico-sdk/lib/tinyusb/src/portable/raspberrypi/rp2040/dcd_rp2040.c.obj
 .bss.object.0  0x20002038       0x18 /Applications/ArmGNUToolchain/13.2.Rel1/arm-none-eabi/bin/../lib/gcc/arm-none-eabi/13.2.1/thumb/v6-m/nofp/crtbegin.o
 .bss.one_shot_timer_crit_sec
                0x20002050        0x8 CMakeFiles/scope.dir/Users/laaaaaaaa/Desktop/pico/pico-sdk/src/rp2_common/pico_stdio_usb/stdio_usb.c.obj
 .bss.pools     0x20002058       0x10 CMakeFiles/scope.dir/Users/laaaaaaaa/Desktop/pico/pico-sdk/src/common/pico_time/time.c.obj
 .bss.retrieved_id
                0x20002068        0x8 CMakeFiles/scope.dir/Users/laaaaaaaa/Desktop/pico/pico-sdk/src/rp2_common/pico_unique_id/unique_id.c.obj
 .bss.reversed  0x20002070      0x128 CMakeFiles/scope.dir/drivers/oled/oled.c.obj
 .bss.sf_clz_func
                0x20002198        0x4 CMakeFiles/scope.dir/Users/laaaaaaaa/Desktop/pico/pico-sdk/src/rp2_common/pico_double/double_init_rom.c.obj
                0x20002198                sf_clz_func
 .bss.sleep_notifier
                0x2000219c        0x4 CMakeFiles/scope.dir/Users/laaaaaaaa/Desktop/pico/pico-sdk/src/common/pico_time/time.c.obj
 .bss.stdio_usb_mutex
                0x200021a0        0x8 CMakeFiles/scope.dir/Users/laaaaaaaa/Desktop/pico/pico-sdk/src/rp2_common/pico_stdio_usb/stdio_usb.c.obj
 .bss.target_hi
                0x200021a8       0x10 CMakeFiles/scope.dir/Users/laaaaaaaa/Desktop/pico/pico-sdk/src/rp2_common/hardware_timer/timer.c.obj
 .bss.uart_char_to_line_feed
                0x200021b8        0x4 CMakeFiles/scope.dir/Users/laaaaaaaa/Desktop/pico/pico-sdk/src/rp2_common/hardware_uart/uart.c.obj
                0x200021b8                uart_char_to_line_feed
 .bss.uart_instance
                0x200021bc        0x4 CMakeFiles/scope.dir/Users/laaaaaaaa/Desktop/pico/pico-sdk/src/rp2_common/pico_stdio_uart/stdio_uart.c.obj
 .bss.usbd_serial_str
                0x200021c0       0x11 CMakeFiles/scope.dir/Users/laaaaaaaa/Desktop/pico/pico-sdk/src/rp2_common/pico_stdio_usb/stdio_usb_descriptors.c.obj
 .bss._app_driver_count
                0x200021d1        0x1 CMakeFiles/scope.dir/Users/laaaaaaaa/Desktop/pico/pico-sdk/lib/tinyusb/src/device/usbd.c.obj
 .bss._sof_enable
                0x200021d2        0x1 CMakeFiles/scope.dir/Users/laaaaaaaa/Desktop/pico/pico-sdk/lib/tinyusb/src/portable/raspberrypi/rp2040/dcd_rp2040.c.obj
 .bss.boot2_copyout_valid
                0x200021d3        0x1 CMakeFiles/scope.dir/Users/laaaaaaaa/Desktop/pico/pico-sdk/src/rp2_common/hardware_flash/flash.c.obj
 .bss.claimed   0x200021d4        0x1 CMakeFiles/scope.dir/Users/laaaaaaaa/Desktop/pico/pico-sdk/src/rp2_common/hardware_timer/timer.c.obj
 .bss.irq_hander_chain_free_slot_head
                0x200021d5        0x1 CMakeFiles/scope.dir/Users/laaaaaaaa/Desktop/pico/pico-sdk/src/rp2_common/hardware_irq/irq.c.obj
 .bss.itf_num   0x200021d6        0x1 CMakeFiles/scope.dir/Users/laaaaaaaa/Desktop/pico/pico-sdk/src/rp2_common/pico_stdio_usb/reset_interface.c.obj
 .bss.low_priority_irq_num
                0x200021d7        0x1 CMakeFiles/scope.dir/Users/laaaaaaaa/Desktop/pico/pico-sdk/src/rp2_common/pico_stdio_usb/stdio_usb.c.obj
 .bss.one_shot_timer_pending
                0x200021d8        0x1 CMakeFiles/scope.dir/Users/laaaaaaaa/Desktop/pico/pico-sdk/src/rp2_common/pico_stdio_usb/stdio_usb.c.obj
 .bss.timer_callbacks_pending
                0x200021d9        0x1 CMakeFiles/scope.dir/Users/laaaaaaaa/Desktop/pico/pico-sdk/src/rp2_common/hardware_timer/timer.c.obj
 .bss.user_irq_claimed
                0x200021da        0x1 CMakeFiles/scope.dir/Users/laaaaaaaa/Desktop/pico/pico-sdk/src/rp2_common/hardware_irq/irq.c.obj
 *(COMMON)
                0x200021dc                        . = ALIGN (0x4)
 *fill*         0x200021db        0x1 
                0x200021dc                        __bss_end__ = .

.heap           0x200021dc      0x800
                0x200021dc                        __end__ = .
                0x200021dc                        end = __end__
 *(.heap*)
 .heap          0x200021dc      0x800 CMakeFiles/scope.dir/Users/laaaaaaaa/Desktop/pico/pico-sdk/src/rp2_common/pico_standard_link/crt0.S.obj
                0x200029dc                        __HeapLimit = .

.stack1_dummy
 *(.stack1*)

.stack_dummy    0x20041000      0x800
 *(.stack*)
 .stack         0x20041000      0x800 CMakeFiles/scope.dir/Users/laaaaaaaa/Desktop/pico/pico-sdk/src/rp2_common/pico_standard_link/crt0.S.obj

.flash_end      0x1000656c        0x0
                0x1000656c                        PROVIDE (__flash_binary_end = .)
                0x20040000                        __StackLimit = (ORIGIN (RAM) + LENGTH (RAM))
                0x20041000                        __StackOneTop = (ORIGIN (SCRATCH_X) + LENGTH (SCRATCH_X))
                0x20042000                        __StackTop = (ORIGIN (SCRATCH_Y) + LENGTH (SCRATCH_Y))
                0x20041000                        __StackOneBottom = (__StackOneTop - SIZEOF (.stack1_dummy))
                0x20041800                        __StackBottom = (__StackTop - SIZEOF (.stack_dummy))
                0x20042000                        PROVIDE (__stack = __StackTop)
                0x00000001                        ASSERT ((__StackLimit >= __HeapLimit), region RAM overflowed)
                0x00000001                        ASSERT (((__binary_info_header_end - __logical_binary_start) <= 0x100), Binary info must be in first 256 bytes of the binary)
LOAD CMakeFiles/scope.dir/scope.c.obj
LOAD CMakeFiles/scope.dir/drivers/ads1115/ads1115.c.obj
LOAD CMakeFiles/scope.dir/drivers/key/key.c.obj
LOAD CMakeFiles/scope.dir/drivers/led/led.c.obj
LOAD CMakeFiles/scope.dir/drivers/oled/oled.c.obj
LOAD CMakeFiles/scope.dir/os/os.c.obj
LOAD CMakeFiles/scope.dir/Users/laaaaaaaa/Desktop/pico/pico-sdk/src/rp2_common/pico_stdlib/stdlib.c.obj
LOAD CMakeFiles/scope.dir/Users/laaaaaaaa/Desktop/pico/pico-sdk/src/rp2_common/hardware_gpio/gpio.c.obj
LOAD CMakeFiles/scope.dir/Users/laaaaaaaa/Desktop/pico/pico-sdk/src/rp2_common/pico_platform/platform.c.obj
LOAD CMakeFiles/scope.dir/Users/laaaaaaaa/Desktop/pico/pico-sdk/src/rp2_common/hardware_claim/claim.c.obj
LOAD CMakeFiles/scope.dir/Users/laaaaaaaa/Desktop/pico/pico-sdk/src/rp2_common/hardware_sync/sync.c.obj
LOAD CMakeFiles/scope.dir/Users/laaaaaaaa/Desktop/pico/pico-sdk/src/rp2_common/hardware_irq/irq.c.obj
LOAD CMakeFiles/scope.dir/Users/laaaaaaaa/Desktop/pico/pico-sdk/src/rp2_common/hardware_irq/irq_handler_chain.S.obj
LOAD CMakeFiles/scope.dir/Users/laaaaaaaa/Desktop/pico/pico-sdk/src/common/pico_sync/sem.c.obj
LOAD CMakeFiles/scope.dir/Users/laaaaaaaa/Desktop/pico/pico-sdk/src/common/pico_sync/lock_core.c.obj
LOAD CMakeFiles/scope.dir/Users/laaaaaaaa/Desktop/pico/pico-sdk/src/common/pico_sync/mutex.c.obj
LOAD CMakeFiles/scope.dir/Users/laaaaaaaa/Desktop/pico/pico-sdk/src/common/pico_sync/critical_section.c.obj
LOAD CMakeFiles/scope.dir/Users/laaaaaaaa/Desktop/pico/pico-sdk/src/common/pico_time/time.c.obj
LOAD CMakeFiles/scope.dir/Users/laaaaaaaa/Desktop/pico/pico-sdk/src/common/pico_time/timeout_helper.c.obj
LOAD CMakeFiles/scope.dir/Users/laaaaaaaa/Desktop/pico/pico-sdk/src/rp2_common/hardware_timer/timer.c.obj
LOAD CMakeFiles/scope.dir/Users/laaaaaaaa/Desktop/pico/pico-sdk/src/common/pico_util/datetime.c.obj
LOAD CMakeFiles/scope.dir/Users/laaaaaaaa/Desktop/pico/pico-sdk/src/common/pico_util/pheap.c.obj
LOAD CMakeFiles/scope.dir/Users/laaaaaaaa/Desktop/pico/pico-sdk/src/common/pico_util/queue.c.obj
LOAD CMakeFiles/scope.dir/Users/laaaaaaaa/Desktop/pico/pico-sdk/src/rp2_common/hardware_uart/uart.c.obj
LOAD CMakeFiles/scope.dir/Users/laaaaaaaa/Desktop/pico/pico-sdk/src/rp2_common/hardware_clocks/clocks.c.obj
LOAD CMakeFiles/scope.dir/Users/laaaaaaaa/Desktop/pico/pico-sdk/src/rp2_common/hardware_pll/pll.c.obj
LOAD CMakeFiles/scope.dir/Users/laaaaaaaa/Desktop/pico/pico-sdk/src/rp2_common/hardware_vreg/vreg.c.obj
LOAD CMakeFiles/scope.dir/Users/laaaaaaaa/Desktop/pico/pico-sdk/src/rp2_common/hardware_watchdog/watchdog.c.obj
LOAD CMakeFiles/scope.dir/Users/laaaaaaaa/Desktop/pico/pico-sdk/src/rp2_common/hardware_xosc/xosc.c.obj
LOAD CMakeFiles/scope.dir/Users/laaaaaaaa/Desktop/pico/pico-sdk/src/rp2_common/hardware_divider/divider.S.obj
LOAD CMakeFiles/scope.dir/Users/laaaaaaaa/Desktop/pico/pico-sdk/src/rp2_common/pico_runtime/runtime.c.obj
LOAD CMakeFiles/scope.dir/Users/laaaaaaaa/Desktop/pico/pico-sdk/src/rp2_common/pico_printf/printf.c.obj
LOAD CMakeFiles/scope.dir/Users/laaaaaaaa/Desktop/pico/pico-sdk/src/rp2_common/pico_bit_ops/bit_ops_aeabi.S.obj
LOAD CMakeFiles/scope.dir/Users/laaaaaaaa/Desktop/pico/pico-sdk/src/rp2_common/pico_bootrom/bootrom.c.obj
LOAD CMakeFiles/scope.dir/Users/laaaaaaaa/Desktop/pico/pico-sdk/src/rp2_common/pico_divider/divider.S.obj
LOAD CMakeFiles/scope.dir/Users/laaaaaaaa/Desktop/pico/pico-sdk/src/rp2_common/pico_double/double_aeabi.S.obj
LOAD CMakeFiles/scope.dir/Users/laaaaaaaa/Desktop/pico/pico-sdk/src/rp2_common/pico_double/double_init_rom.c.obj
LOAD CMakeFiles/scope.dir/Users/laaaaaaaa/Desktop/pico/pico-sdk/src/rp2_common/pico_double/double_math.c.obj
LOAD CMakeFiles/scope.dir/Users/laaaaaaaa/Desktop/pico/pico-sdk/src/rp2_common/pico_double/double_v1_rom_shim.S.obj
LOAD CMakeFiles/scope.dir/Users/laaaaaaaa/Desktop/pico/pico-sdk/src/rp2_common/pico_int64_ops/pico_int64_ops_aeabi.S.obj
LOAD CMakeFiles/scope.dir/Users/laaaaaaaa/Desktop/pico/pico-sdk/src/rp2_common/pico_float/float_aeabi.S.obj
LOAD CMakeFiles/scope.dir/Users/laaaaaaaa/Desktop/pico/pico-sdk/src/rp2_common/pico_float/float_init_rom.c.obj
LOAD CMakeFiles/scope.dir/Users/laaaaaaaa/Desktop/pico/pico-sdk/src/rp2_common/pico_float/float_math.c.obj
LOAD CMakeFiles/scope.dir/Users/laaaaaaaa/Desktop/pico/pico-sdk/src/rp2_common/pico_float/float_v1_rom_shim.S.obj
LOAD CMakeFiles/scope.dir/Users/laaaaaaaa/Desktop/pico/pico-sdk/src/rp2_common/pico_malloc/pico_malloc.c.obj
LOAD CMakeFiles/scope.dir/Users/laaaaaaaa/Desktop/pico/pico-sdk/src/rp2_common/pico_mem_ops/mem_ops_aeabi.S.obj
LOAD CMakeFiles/scope.dir/Users/laaaaaaaa/Desktop/pico/pico-sdk/src/rp2_common/pico_standard_link/crt0.S.obj
LOAD CMakeFiles/scope.dir/Users/laaaaaaaa/Desktop/pico/pico-sdk/src/rp2_common/pico_standard_link/new_delete.cpp.obj
LOAD CMakeFiles/scope.dir/Users/laaaaaaaa/Desktop/pico/pico-sdk/src/rp2_common/pico_standard_link/binary_info.c.obj
LOAD CMakeFiles/scope.dir/Users/laaaaaaaa/Desktop/pico/pico-sdk/src/rp2_common/pico_stdio/stdio.c.obj
LOAD CMakeFiles/scope.dir/Users/laaaaaaaa/Desktop/pico/pico-sdk/src/rp2_common/pico_stdio_uart/stdio_uart.c.obj
LOAD CMakeFiles/scope.dir/Users/laaaaaaaa/Desktop/pico/pico-sdk/src/rp2_common/pico_stdio_usb/reset_interface.c.obj
LOAD CMakeFiles/scope.dir/Users/laaaaaaaa/Desktop/pico/pico-sdk/src/rp2_common/pico_stdio_usb/stdio_usb.c.obj
LOAD CMakeFiles/scope.dir/Users/laaaaaaaa/Desktop/pico/pico-sdk/src/rp2_common/pico_stdio_usb/stdio_usb_descriptors.c.obj
LOAD CMakeFiles/scope.dir/Users/laaaaaaaa/Desktop/pico/pico-sdk/src/rp2_common/pico_unique_id/unique_id.c.obj
LOAD CMakeFiles/scope.dir/Users/laaaaaaaa/Desktop/pico/pico-sdk/src/rp2_common/hardware_flash/flash.c.obj
LOAD CMakeFiles/scope.dir/Users/laaaaaaaa/Desktop/pico/pico-sdk/lib/tinyusb/src/portable/raspberrypi/rp2040/dcd_rp2040.c.obj
LOAD CMakeFiles/scope.dir/Users/laaaaaaaa/Desktop/pico/pico-sdk/lib/tinyusb/src/portable/raspberrypi/rp2040/rp2040_usb.c.obj
LOAD CMakeFiles/scope.dir/Users/laaaaaaaa/Desktop/pico/pico-sdk/lib/tinyusb/src/device/usbd.c.obj
LOAD CMakeFiles/scope.dir/Users/laaaaaaaa/Desktop/pico/pico-sdk/lib/tinyusb/src/device/usbd_control.c.obj
LOAD CMakeFiles/scope.dir/Users/laaaaaaaa/Desktop/pico/pico-sdk/lib/tinyusb/src/class/audio/audio_device.c.obj
LOAD CMakeFiles/scope.dir/Users/laaaaaaaa/Desktop/pico/pico-sdk/lib/tinyusb/src/class/cdc/cdc_device.c.obj
LOAD CMakeFiles/scope.dir/Users/laaaaaaaa/Desktop/pico/pico-sdk/lib/tinyusb/src/class/dfu/dfu_device.c.obj
LOAD CMakeFiles/scope.dir/Users/laaaaaaaa/Desktop/pico/pico-sdk/lib/tinyusb/src/class/dfu/dfu_rt_device.c.obj
LOAD CMakeFiles/scope.dir/Users/laaaaaaaa/Desktop/pico/pico-sdk/lib/tinyusb/src/class/hid/hid_device.c.obj
LOAD CMakeFiles/scope.dir/Users/laaaaaaaa/Desktop/pico/pico-sdk/lib/tinyusb/src/class/midi/midi_device.c.obj
LOAD CMakeFiles/scope.dir/Users/laaaaaaaa/Desktop/pico/pico-sdk/lib/tinyusb/src/class/msc/msc_device.c.obj
LOAD CMakeFiles/scope.dir/Users/laaaaaaaa/Desktop/pico/pico-sdk/lib/tinyusb/src/class/net/ecm_rndis_device.c.obj
LOAD CMakeFiles/scope.dir/Users/laaaaaaaa/Desktop/pico/pico-sdk/lib/tinyusb/src/class/net/ncm_device.c.obj
LOAD CMakeFiles/scope.dir/Users/laaaaaaaa/Desktop/pico/pico-sdk/lib/tinyusb/src/class/usbtmc/usbtmc_device.c.obj
LOAD CMakeFiles/scope.dir/Users/laaaaaaaa/Desktop/pico/pico-sdk/lib/tinyusb/src/class/vendor/vendor_device.c.obj
LOAD CMakeFiles/scope.dir/Users/laaaaaaaa/Desktop/pico/pico-sdk/lib/tinyusb/src/class/video/video_device.c.obj
LOAD CMakeFiles/scope.dir/Users/laaaaaaaa/Desktop/pico/pico-sdk/lib/tinyusb/src/tusb.c.obj
LOAD CMakeFiles/scope.dir/Users/laaaaaaaa/Desktop/pico/pico-sdk/lib/tinyusb/src/common/tusb_fifo.c.obj
LOAD CMakeFiles/scope.dir/Users/laaaaaaaa/Desktop/pico/pico-sdk/src/rp2_common/pico_fix/rp2040_usb_device_enumeration/rp2040_usb_device_enumeration.c.obj
LOAD CMakeFiles/scope.dir/Users/laaaaaaaa/Desktop/pico/pico-sdk/src/rp2_common/hardware_i2c/i2c.c.obj
LOAD CMakeFiles/scope.dir/Users/laaaaaaaa/Desktop/pico/pico-sdk/src/rp2_common/hardware_dma/dma.c.obj
LOAD CMakeFiles/scope.dir/Users/laaaaaaaa/Desktop/pico/pico-sdk/src/rp2_common/hardware_pio/pio.c.obj
LOAD CMakeFiles/scope.dir/Users/laaaaaaaa/Desktop/pico/pico-sdk/src/rp2_common/hardware_interp/interp.c.obj
LOAD /var/folders/38/05gw299n51z5zv2dzjx2002w0000gn/T//ccTD1cD9.o
LOAD /Applications/ArmGNUToolchain/13.2.Rel1/arm-none-eabi/bin/../lib/gcc/arm-none-eabi/13.2.1/../../../../arm-none-eabi/lib/thumb/v6-m/nofp/libstdc++.a
LOAD /Applications/ArmGNUToolchain/13.2.Rel1/arm-none-eabi/bin/../lib/gcc/arm-none-eabi/13.2.1/../../../../arm-none-eabi/lib/thumb/v6-m/nofp/libm.a
START GROUP
LOAD /Applications/ArmGNUToolchain/13.2.Rel1/arm-none-eabi/bin/../lib/gcc/arm-none-eabi/13.2.1/thumb/v6-m/nofp/libgcc.a
LOAD /Applications/ArmGNUToolchain/13.2.Rel1/arm-none-eabi/bin/../lib/gcc/arm-none-eabi/13.2.1/../../../../arm-none-eabi/lib/thumb/v6-m/nofp/libc.a
END GROUP
START GROUP
LOAD /Applications/ArmGNUToolchain/13.2.Rel1/arm-none-eabi/bin/../lib/gcc/arm-none-eabi/13.2.1/thumb/v6-m/nofp/libgcc.a
LOAD /Applications/ArmGNUToolchain/13.2.Rel1/arm-none-eabi/bin/../lib/gcc/arm-none-eabi/13.2.1/../../../../arm-none-eabi/lib/thumb/v6-m/nofp/libc.a
LOAD /Applications/ArmGNUToolchain/13.2.Rel1/arm-none-eabi/bin/../lib/gcc/arm-none-eabi/13.2.1/../../../../arm-none-eabi/lib/thumb/v6-m/nofp/libnosys.a
END GROUP
LOAD /Applications/ArmGNUToolchain/13.2.Rel1/arm-none-eabi/bin/../lib/gcc/arm-none-eabi/13.2.1/thumb/v6-m/nofp/crtend.o
LOAD /Applications/ArmGNUToolchain/13.2.Rel1/arm-none-eabi/bin/../lib/gcc/arm-none-eabi/13.2.1/thumb/v6-m/nofp/crtn.o
OUTPUT(scope.elf elf32-littlearm)
LOAD linker stubs

.ARM.attributes
                0x00000000       0x28
 .ARM.attributes
                0x00000000       0x1e /Applications/ArmGNUToolchain/13.2.Rel1/arm-none-eabi/bin/../lib/gcc/arm-none-eabi/13.2.1/thumb/v6-m/nofp/crti.o
 .ARM.attributes
                0x0000001e       0x2c /Applications/ArmGNUToolchain/13.2.Rel1/arm-none-eabi/bin/../lib/gcc/arm-none-eabi/13.2.1/thumb/v6-m/nofp/crtbegin.o
 .ARM.attributes
                0x0000004a       0x2c CMakeFiles/scope.dir/scope.c.obj
 .ARM.attributes
                0x00000076       0x2c CMakeFiles/scope.dir/drivers/led/led.c.obj
 .ARM.attributes
                0x000000a2       0x2c CMakeFiles/scope.dir/drivers/oled/oled.c.obj
 .ARM.attributes
                0x000000ce       0x2c CMakeFiles/scope.dir/Users/laaaaaaaa/Desktop/pico/pico-sdk/src/rp2_common/hardware_gpio/gpio.c.obj
 .ARM.attributes
                0x000000fa       0x2c CMakeFiles/scope.dir/Users/laaaaaaaa/Desktop/pico/pico-sdk/src/rp2_common/pico_platform/platform.c.obj
 .ARM.attributes
                0x00000126       0x2c CMakeFiles/scope.dir/Users/laaaaaaaa/Desktop/pico/pico-sdk/src/rp2_common/hardware_claim/claim.c.obj
 .ARM.attributes
                0x00000152       0x2c CMakeFiles/scope.dir/Users/laaaaaaaa/Desktop/pico/pico-sdk/src/rp2_common/hardware_sync/sync.c.obj
 .ARM.attributes
                0x0000017e       0x2c CMakeFiles/scope.dir/Users/laaaaaaaa/Desktop/pico/pico-sdk/src/rp2_common/hardware_irq/irq.c.obj
 .ARM.attributes
                0x000001aa       0x22 CMakeFiles/scope.dir/Users/laaaaaaaa/Desktop/pico/pico-sdk/src/rp2_common/hardware_irq/irq_handler_chain.S.obj
 .ARM.attributes
                0x000001cc       0x2c CMakeFiles/scope.dir/Users/laaaaaaaa/Desktop/pico/pico-sdk/src/common/pico_sync/lock_core.c.obj
 .ARM.attributes
                0x000001f8       0x2c CMakeFiles/scope.dir/Users/laaaaaaaa/Desktop/pico/pico-sdk/src/common/pico_sync/mutex.c.obj
 .ARM.attributes
                0x00000224       0x2c CMakeFiles/scope.dir/Users/laaaaaaaa/Desktop/pico/pico-sdk/src/common/pico_sync/critical_section.c.obj
 .ARM.attributes
                0x00000250       0x2c CMakeFiles/scope.dir/Users/laaaaaaaa/Desktop/pico/pico-sdk/src/common/pico_time/time.c.obj
 .ARM.attributes
                0x0000027c       0x2c CMakeFiles/scope.dir/Users/laaaaaaaa/Desktop/pico/pico-sdk/src/rp2_common/hardware_timer/timer.c.obj
 .ARM.attributes
                0x000002a8       0x2c CMakeFiles/scope.dir/Users/laaaaaaaa/Desktop/pico/pico-sdk/src/common/pico_util/pheap.c.obj
 .ARM.attributes
                0x000002d4       0x2c CMakeFiles/scope.dir/Users/laaaaaaaa/Desktop/pico/pico-sdk/src/rp2_common/hardware_uart/uart.c.obj
 .ARM.attributes
                0x00000300       0x2c CMakeFiles/scope.dir/Users/laaaaaaaa/Desktop/pico/pico-sdk/src/rp2_common/hardware_clocks/clocks.c.obj
 .ARM.attributes
                0x0000032c       0x2c CMakeFiles/scope.dir/Users/laaaaaaaa/Desktop/pico/pico-sdk/src/rp2_common/hardware_pll/pll.c.obj
 .ARM.attributes
                0x00000358       0x2c CMakeFiles/scope.dir/Users/laaaaaaaa/Desktop/pico/pico-sdk/src/rp2_common/hardware_watchdog/watchdog.c.obj
 .ARM.attributes
                0x00000384       0x2c CMakeFiles/scope.dir/Users/laaaaaaaa/Desktop/pico/pico-sdk/src/rp2_common/hardware_xosc/xosc.c.obj
 .ARM.attributes
                0x000003b0       0x2c CMakeFiles/scope.dir/Users/laaaaaaaa/Desktop/pico/pico-sdk/src/rp2_common/pico_runtime/runtime.c.obj
 .ARM.attributes
                0x000003dc       0x2c CMakeFiles/scope.dir/Users/laaaaaaaa/Desktop/pico/pico-sdk/src/rp2_common/pico_printf/printf.c.obj
 .ARM.attributes
                0x00000408       0x22 CMakeFiles/scope.dir/Users/laaaaaaaa/Desktop/pico/pico-sdk/src/rp2_common/pico_bit_ops/bit_ops_aeabi.S.obj
 .ARM.attributes
                0x0000042a       0x2c CMakeFiles/scope.dir/Users/laaaaaaaa/Desktop/pico/pico-sdk/src/rp2_common/pico_bootrom/bootrom.c.obj
 .ARM.attributes
                0x00000456       0x22 CMakeFiles/scope.dir/Users/laaaaaaaa/Desktop/pico/pico-sdk/src/rp2_common/pico_divider/divider.S.obj
 .ARM.attributes
                0x00000478       0x22 CMakeFiles/scope.dir/Users/laaaaaaaa/Desktop/pico/pico-sdk/src/rp2_common/pico_double/double_aeabi.S.obj
 .ARM.attributes
                0x0000049a       0x2c CMakeFiles/scope.dir/Users/laaaaaaaa/Desktop/pico/pico-sdk/src/rp2_common/pico_double/double_init_rom.c.obj
 .ARM.attributes
                0x000004c6       0x22 CMakeFiles/scope.dir/Users/laaaaaaaa/Desktop/pico/pico-sdk/src/rp2_common/pico_double/double_v1_rom_shim.S.obj
 .ARM.attributes
                0x000004e8       0x22 CMakeFiles/scope.dir/Users/laaaaaaaa/Desktop/pico/pico-sdk/src/rp2_common/pico_int64_ops/pico_int64_ops_aeabi.S.obj
 .ARM.attributes
                0x0000050a       0x22 CMakeFiles/scope.dir/Users/laaaaaaaa/Desktop/pico/pico-sdk/src/rp2_common/pico_float/float_aeabi.S.obj
 .ARM.attributes
                0x0000052c       0x2c CMakeFiles/scope.dir/Users/laaaaaaaa/Desktop/pico/pico-sdk/src/rp2_common/pico_float/float_init_rom.c.obj
 .ARM.attributes
                0x00000558       0x22 CMakeFiles/scope.dir/Users/laaaaaaaa/Desktop/pico/pico-sdk/src/rp2_common/pico_float/float_v1_rom_shim.S.obj
 .ARM.attributes
                0x0000057a       0x22 CMakeFiles/scope.dir/Users/laaaaaaaa/Desktop/pico/pico-sdk/src/rp2_common/pico_mem_ops/mem_ops_aeabi.S.obj
 .ARM.attributes
                0x0000059c       0x22 CMakeFiles/scope.dir/Users/laaaaaaaa/Desktop/pico/pico-sdk/src/rp2_common/pico_standard_link/crt0.S.obj
 .ARM.attributes
                0x000005be       0x2c CMakeFiles/scope.dir/Users/laaaaaaaa/Desktop/pico/pico-sdk/src/rp2_common/pico_standard_link/binary_info.c.obj
 .ARM.attributes
                0x000005ea       0x2c CMakeFiles/scope.dir/Users/laaaaaaaa/Desktop/pico/pico-sdk/src/rp2_common/pico_stdio/stdio.c.obj
 .ARM.attributes
                0x00000616       0x2c CMakeFiles/scope.dir/Users/laaaaaaaa/Desktop/pico/pico-sdk/src/rp2_common/pico_stdio_uart/stdio_uart.c.obj
 .ARM.attributes
                0x00000642       0x2c CMakeFiles/scope.dir/Users/laaaaaaaa/Desktop/pico/pico-sdk/src/rp2_common/pico_stdio_usb/reset_interface.c.obj
 .ARM.attributes
                0x0000066e       0x2c CMakeFiles/scope.dir/Users/laaaaaaaa/Desktop/pico/pico-sdk/src/rp2_common/pico_stdio_usb/stdio_usb.c.obj
 .ARM.attributes
                0x0000069a       0x2c CMakeFiles/scope.dir/Users/laaaaaaaa/Desktop/pico/pico-sdk/src/rp2_common/pico_stdio_usb/stdio_usb_descriptors.c.obj
 .ARM.attributes
                0x000006c6       0x2c CMakeFiles/scope.dir/Users/laaaaaaaa/Desktop/pico/pico-sdk/src/rp2_common/pico_unique_id/unique_id.c.obj
 .ARM.attributes
                0x000006f2       0x2c CMakeFiles/scope.dir/Users/laaaaaaaa/Desktop/pico/pico-sdk/src/rp2_common/hardware_flash/flash.c.obj
 .ARM.attributes
                0x0000071e       0x2c CMakeFiles/scope.dir/Users/laaaaaaaa/Desktop/pico/pico-sdk/lib/tinyusb/src/portable/raspberrypi/rp2040/dcd_rp2040.c.obj
 .ARM.attributes
                0x0000074a       0x2c CMakeFiles/scope.dir/Users/laaaaaaaa/Desktop/pico/pico-sdk/lib/tinyusb/src/portable/raspberrypi/rp2040/rp2040_usb.c.obj
 .ARM.attributes
                0x00000776       0x2c CMakeFiles/scope.dir/Users/laaaaaaaa/Desktop/pico/pico-sdk/lib/tinyusb/src/device/usbd.c.obj
 .ARM.attributes
                0x000007a2       0x2c CMakeFiles/scope.dir/Users/laaaaaaaa/Desktop/pico/pico-sdk/lib/tinyusb/src/device/usbd_control.c.obj
 .ARM.attributes
                0x000007ce       0x2c CMakeFiles/scope.dir/Users/laaaaaaaa/Desktop/pico/pico-sdk/lib/tinyusb/src/class/cdc/cdc_device.c.obj
 .ARM.attributes
                0x000007fa       0x2c CMakeFiles/scope.dir/Users/laaaaaaaa/Desktop/pico/pico-sdk/lib/tinyusb/src/tusb.c.obj
 .ARM.attributes
                0x00000826       0x2c CMakeFiles/scope.dir/Users/laaaaaaaa/Desktop/pico/pico-sdk/lib/tinyusb/src/common/tusb_fifo.c.obj
 .ARM.attributes
                0x00000852       0x2c CMakeFiles/scope.dir/Users/laaaaaaaa/Desktop/pico/pico-sdk/src/rp2_common/hardware_i2c/i2c.c.obj
 .ARM.attributes
                0x0000087e       0x22 /var/folders/38/05gw299n51z5zv2dzjx2002w0000gn/T//ccTD1cD9.o
 .ARM.attributes
                0x000008a0       0x1e /Applications/ArmGNUToolchain/13.2.Rel1/arm-none-eabi/bin/../lib/gcc/arm-none-eabi/13.2.1/thumb/v6-m/nofp/libgcc.a(_dvmd_tls.o)
 .ARM.attributes
                0x000008be       0x2c /Applications/ArmGNUToolchain/13.2.Rel1/arm-none-eabi/bin/../lib/gcc/arm-none-eabi/13.2.1/../../../../arm-none-eabi/lib/thumb/v6-m/nofp/libc.a(libc_a-itoa.o)
 .ARM.attributes
                0x000008ea       0x2c /Applications/ArmGNUToolchain/13.2.Rel1/arm-none-eabi/bin/../lib/gcc/arm-none-eabi/13.2.1/../../../../arm-none-eabi/lib/thumb/v6-m/nofp/libc.a(libc_a-utoa.o)
 .ARM.attributes
                0x00000916       0x2c /Applications/ArmGNUToolchain/13.2.Rel1/arm-none-eabi/bin/../lib/gcc/arm-none-eabi/13.2.1/../../../../arm-none-eabi/lib/thumb/v6-m/nofp/libc.a(libc_a-strlen-stub.o)
 .ARM.attributes
                0x00000942       0x2c /Applications/ArmGNUToolchain/13.2.Rel1/arm-none-eabi/bin/../lib/gcc/arm-none-eabi/13.2.1/../../../../arm-none-eabi/lib/thumb/v6-m/nofp/libc.a(libc_a-ctype_.o)
 .ARM.attributes